Archive member included to satisfy reference by file (symbol)

/Applications/ArmGNUToolchain/13.2.Rel1/arm-none-eabi/bin/../lib/gcc/arm-none-eabi/13.2.1/thumb/v7e-m+fp/softfp/libgcc.a(_aeabi_uldivmod.o)
                              ./system/src/stm32f4-hal/stm32f4xx_hal_rcc.o (__aeabi_uldivmod)
/Applications/ArmGNUToolchain/13.2.Rel1/arm-none-eabi/bin/../lib/gcc/arm-none-eabi/13.2.1/thumb/v7e-m+fp/softfp/libgcc.a(_udivmoddi4.o)
                              /Applications/ArmGNUToolchain/13.2.Rel1/arm-none-eabi/bin/../lib/gcc/arm-none-eabi/13.2.1/thumb/v7e-m+fp/softfp/libgcc.a(_aeabi_uldivmod.o) (__udivmoddi4)
/Applications/ArmGNUToolchain/13.2.Rel1/arm-none-eabi/bin/../lib/gcc/arm-none-eabi/13.2.1/thumb/v7e-m+fp/softfp/libgcc.a(_dvmd_tls.o)
                              /Applications/ArmGNUToolchain/13.2.Rel1/arm-none-eabi/bin/../lib/gcc/arm-none-eabi/13.2.1/thumb/v7e-m+fp/softfp/libgcc.a(_aeabi_uldivmod.o) (__aeabi_ldiv0)
/Applications/ArmGNUToolchain/13.2.Rel1/arm-none-eabi/bin/../lib/gcc/arm-none-eabi/13.2.1/../../../../arm-none-eabi/lib/thumb/v7e-m+fp/softfp/libg_nano.a(libc_a-vsnprintf.o)
                              ./system/src/diag/trace.o (vsnprintf)
/Applications/ArmGNUToolchain/13.2.Rel1/arm-none-eabi/bin/../lib/gcc/arm-none-eabi/13.2.1/../../../../arm-none-eabi/lib/thumb/v7e-m+fp/softfp/libg_nano.a(libc_a-memset.o)
                              ./src/main.o (memset)
/Applications/ArmGNUToolchain/13.2.Rel1/arm-none-eabi/bin/../lib/gcc/arm-none-eabi/13.2.1/../../../../arm-none-eabi/lib/thumb/v7e-m+fp/softfp/libg_nano.a(libc_a-impure.o)
                              /Applications/ArmGNUToolchain/13.2.Rel1/arm-none-eabi/bin/../lib/gcc/arm-none-eabi/13.2.1/../../../../arm-none-eabi/lib/thumb/v7e-m+fp/softfp/libg_nano.a(libc_a-vsnprintf.o) (_impure_ptr)
/Applications/ArmGNUToolchain/13.2.Rel1/arm-none-eabi/bin/../lib/gcc/arm-none-eabi/13.2.1/../../../../arm-none-eabi/lib/thumb/v7e-m+fp/softfp/libg_nano.a(libc_a-errno.o)
                              ./system/src/newlib/sbrk.o (__errno)
/Applications/ArmGNUToolchain/13.2.Rel1/arm-none-eabi/bin/../lib/gcc/arm-none-eabi/13.2.1/../../../../arm-none-eabi/lib/thumb/v7e-m+fp/softfp/libg_nano.a(libc_a-memcpy-stub.o)
                              ./FreeRTOS/queue.o (memcpy)
/Applications/ArmGNUToolchain/13.2.Rel1/arm-none-eabi/bin/../lib/gcc/arm-none-eabi/13.2.1/../../../../arm-none-eabi/lib/thumb/v7e-m+fp/softfp/libg_nano.a(libc_a-strlen.o)
                              ./system/src/diag/trace.o (strlen)
/Applications/ArmGNUToolchain/13.2.Rel1/arm-none-eabi/bin/../lib/gcc/arm-none-eabi/13.2.1/../../../../arm-none-eabi/lib/thumb/v7e-m+fp/softfp/libg_nano.a(libc_a-nano-svfprintf.o)
                              /Applications/ArmGNUToolchain/13.2.Rel1/arm-none-eabi/bin/../lib/gcc/arm-none-eabi/13.2.1/../../../../arm-none-eabi/lib/thumb/v7e-m+fp/softfp/libg_nano.a(libc_a-vsnprintf.o) (_svfprintf_r)
/Applications/ArmGNUToolchain/13.2.Rel1/arm-none-eabi/bin/../lib/gcc/arm-none-eabi/13.2.1/../../../../arm-none-eabi/lib/thumb/v7e-m+fp/softfp/libg_nano.a(libc_a-mallocr.o)
                              /Applications/ArmGNUToolchain/13.2.Rel1/arm-none-eabi/bin/../lib/gcc/arm-none-eabi/13.2.1/../../../../arm-none-eabi/lib/thumb/v7e-m+fp/softfp/libg_nano.a(libc_a-nano-svfprintf.o) (_malloc_r)
/Applications/ArmGNUToolchain/13.2.Rel1/arm-none-eabi/bin/../lib/gcc/arm-none-eabi/13.2.1/../../../../arm-none-eabi/lib/thumb/v7e-m+fp/softfp/libg_nano.a(libc_a-nano-vfprintf_i.o)
                              /Applications/ArmGNUToolchain/13.2.Rel1/arm-none-eabi/bin/../lib/gcc/arm-none-eabi/13.2.1/../../../../arm-none-eabi/lib/thumb/v7e-m+fp/softfp/libg_nano.a(libc_a-nano-svfprintf.o) (_printf_i)
/Applications/ArmGNUToolchain/13.2.Rel1/arm-none-eabi/bin/../lib/gcc/arm-none-eabi/13.2.1/../../../../arm-none-eabi/lib/thumb/v7e-m+fp/softfp/libg_nano.a(libc_a-mlock.o)
                              /Applications/ArmGNUToolchain/13.2.Rel1/arm-none-eabi/bin/../lib/gcc/arm-none-eabi/13.2.1/../../../../arm-none-eabi/lib/thumb/v7e-m+fp/softfp/libg_nano.a(libc_a-mallocr.o) (__malloc_lock)
/Applications/ArmGNUToolchain/13.2.Rel1/arm-none-eabi/bin/../lib/gcc/arm-none-eabi/13.2.1/../../../../arm-none-eabi/lib/thumb/v7e-m+fp/softfp/libg_nano.a(libc_a-reallocr.o)
                              /Applications/ArmGNUToolchain/13.2.Rel1/arm-none-eabi/bin/../lib/gcc/arm-none-eabi/13.2.1/../../../../arm-none-eabi/lib/thumb/v7e-m+fp/softfp/libg_nano.a(libc_a-nano-svfprintf.o) (_realloc_r)
/Applications/ArmGNUToolchain/13.2.Rel1/arm-none-eabi/bin/../lib/gcc/arm-none-eabi/13.2.1/../../../../arm-none-eabi/lib/thumb/v7e-m+fp/softfp/libg_nano.a(libc_a-memmove.o)
                              /Applications/ArmGNUToolchain/13.2.Rel1/arm-none-eabi/bin/../lib/gcc/arm-none-eabi/13.2.1/../../../../arm-none-eabi/lib/thumb/v7e-m+fp/softfp/libg_nano.a(libc_a-nano-svfprintf.o) (memmove)
[...]
Memory Configuration

Name             Origin             Length             Attributes
RAM              0x20000000         0x00020000         xrw
CCMRAM           0x10000000         0x00010000         xrw
FLASH            0x08000000         0x00100000         xr
FLASHB1          0x00000000         0x00000000         xr
EXTMEMB0         0x00000000         0x00000000         xr
EXTMEMB1         0x00000000         0x00000000         xr
EXTMEMB2         0x00000000         0x00000000         xr
EXTMEMB3         0x00000000         0x00000000         xr
MEMORY_ARRAY     0x20002000         0x00000020         xrw
*default*        0x00000000         0xffffffff

Linker script and memory map

LOAD ./system/src/stm32f4-hal/stm32f4xx_hal.o
LOAD ./system/src/stm32f4-hal/stm32f4xx_hal_cortex.o
LOAD ./system/src/stm32f4-hal/stm32f4xx_hal_flash.o
LOAD ./system/src/stm32f4-hal/stm32f4xx_hal_flash_ex.o
LOAD ./system/src/stm32f4-hal/stm32f4xx_hal_flash_ramfunc.o
LOAD ./system/src/stm32f4-hal/stm32f4xx_hal_gpio.o
LOAD ./system/src/stm32f4-hal/stm32f4xx_hal_iwdg.o
LOAD ./system/src/stm32f4-hal/stm32f4xx_hal_pwr.o
LOAD ./system/src/stm32f4-hal/stm32f4xx_hal_rcc.o
LOAD ./system/src/stm32f4-hal/stm32f4xx_hal_uart.o
LOAD ./system/src/newlib/assert.o
LOAD ./system/src/newlib/exit.o
LOAD ./system/src/newlib/sbrk.o
LOAD ./system/src/newlib/startup.o
LOAD ./system/src/newlib/syscalls.o
LOAD ./system/src/diag/trace-impl.o
LOAD ./system/src/diag/trace.o
LOAD ./system/src/cortexm/exception-handlers.o
LOAD ./system/src/cortexm/initialize-hardware.o
LOAD ./system/src/cortexm/reset-hardware.o
LOAD ./system/src/cmsis/system_stm32f4xx.o
LOAD ./system/src/cmsis/vectors_stm32f407xx.o
LOAD ./src/initialize-hardware.o
LOAD ./src/led.o
LOAD ./src/main.o
LOAD ./src/stm32f4xx_hal_msp.o
LOAD ./src/task_handler.o
LOAD ./src/write.o
LOAD ./FreeRTOS/portable/MemMang/heap_4.o
LOAD ./FreeRTOS/portable/GCC/ARM_CM4F/port.o
LOAD ./FreeRTOS/croutine.o
LOAD ./FreeRTOS/event_groups.o
LOAD ./FreeRTOS/list.o
LOAD ./FreeRTOS/queue.o
LOAD ./FreeRTOS/stream_buffer.o
LOAD ./FreeRTOS/tasks.o
LOAD ./FreeRTOS/timers.o
LOAD /Applications/ArmGNUToolchain/13.2.Rel1/arm-none-eabi/bin/../lib/gcc/arm-none-eabi/13.2.1/../../../../arm-none-eabi/lib/thumb/v7e-m+fp/softfp/libstdc++_nano.a
LOAD /Applications/ArmGNUToolchain/13.2.Rel1/arm-none-eabi/bin/../lib/gcc/arm-none-eabi/13.2.1/../../../../arm-none-eabi/lib/thumb/v7e-m+fp/softfp/libm.a
START GROUP
LOAD /Applications/ArmGNUToolchain/13.2.Rel1/arm-none-eabi/bin/../lib/gcc/arm-none-eabi/13.2.1/thumb/v7e-m+fp/softfp/libgcc.a
LOAD /Applications/ArmGNUToolchain/13.2.Rel1/arm-none-eabi/bin/../lib/gcc/arm-none-eabi/13.2.1/../../../../arm-none-eabi/lib/thumb/v7e-m+fp/softfp/libg_nano.a
LOAD /Applications/ArmGNUToolchain/13.2.Rel1/arm-none-eabi/bin/../lib/gcc/arm-none-eabi/13.2.1/../../../../arm-none-eabi/lib/thumb/v7e-m+fp/softfp/libc_nano.a
END GROUP
START GROUP
LOAD /Applications/ArmGNUToolchain/13.2.Rel1/arm-none-eabi/bin/../lib/gcc/arm-none-eabi/13.2.1/thumb/v7e-m+fp/softfp/libgcc.a
LOAD /Applications/ArmGNUToolchain/13.2.Rel1/arm-none-eabi/bin/../lib/gcc/arm-none-eabi/13.2.1/../../../../arm-none-eabi/lib/thumb/v7e-m+fp/softfp/libc_nano.a
END GROUP
                0x20020000                        __stack = (ORIGIN (RAM) + LENGTH (RAM))
                0x20020000                        _estack = __stack
                0x00000400                        __Main_Stack_Size = 0x400
                [!provide]                        PROVIDE (_Main_Stack_Size = __Main_Stack_Size)
                0x2001fc00                        __Main_Stack_Limit = (__stack - __Main_Stack_Size)
                [!provide]                        PROVIDE (_Main_Stack_Limit = __Main_Stack_Limit)
                0x00000100                        _Minimum_Stack_Size = 0x100
                0x20012e9c                        PROVIDE (_Heap_Begin = _end_noinit)
                0x2001fc00                        PROVIDE (_Heap_Limit = (__stack - __Main_Stack_Size))

.isr_vector     0x08000000      0x3e8
 FILL mask 0xff
                0x08000000                        __vectors_start = ABSOLUTE (.)
                0x08000000                        __vectors_start__ = ABSOLUTE (.)
 *(.isr_vector)
 .isr_vector    0x08000000      0x188 ./system/src/cmsis/vectors_stm32f407xx.o
                0x08000000                __isr_vectors
 *(.cfmconfig)
 *(.after_vectors .after_vectors.*)
 .after_vectors
                0x08000188      0x130 ./system/src/newlib/startup.o
                0x08000188                _start
 .after_vectors
                0x080002b8      0x12c ./system/src/cortexm/exception-handlers.o
                0x080002b8                Reset_Handler
                0x080002be                NMI_Handler
                0x080002c2                HardFault_Handler
                0x080002d6                HardFault_Handler_C
                0x08000334                MemManage_Handler
                0x08000338                BusFault_Handler
                0x0800034c                BusFault_Handler_C
                0x08000380                UsageFault_Handler
                0x08000394                UsageFault_Handler_C
                0x080003cc                DebugMon_Handler
 .after_vectors
                0x080003e4        0x4 ./system/src/cmsis/vectors_stm32f407xx.o
                0x080003e4                DMA1_Stream3_IRQHandler
                0x080003e4                HASH_RNG_IRQHandler
                0x080003e4                EXTI2_IRQHandler
                0x080003e4                TIM8_CC_IRQHandler
                0x080003e4                TIM1_CC_IRQHandler
                0x080003e4                DMA2_Stream5_IRQHandler
                0x080003e4                DMA1_Stream5_IRQHandler
                0x080003e4                PVD_IRQHandler
                0x080003e4                SDIO_IRQHandler
                0x080003e4                TAMP_STAMP_IRQHandler
                0x080003e4                CAN2_RX1_IRQHandler
                0x080003e4                EXTI3_IRQHandler
                0x080003e4                TIM8_TRG_COM_TIM14_IRQHandler
                0x080003e4                TIM1_UP_TIM10_IRQHandler
                0x080003e4                TIM8_UP_TIM13_IRQHandler
                0x080003e4                I2C3_ER_IRQHandler
                0x080003e4                EXTI0_IRQHandler
                0x080003e4                I2C2_EV_IRQHandler
                0x080003e4                DMA1_Stream2_IRQHandler
                0x080003e4                CAN1_RX0_IRQHandler
                0x080003e4                FPU_IRQHandler
                0x080003e4                OTG_HS_WKUP_IRQHandler
                0x080003e4                CAN2_SCE_IRQHandler
                0x080003e4                DMA2_Stream2_IRQHandler
                0x080003e4                SPI1_IRQHandler
                0x080003e4                TIM6_DAC_IRQHandler
                0x080003e4                TIM1_BRK_TIM9_IRQHandler
                0x080003e4                DCMI_IRQHandler
                0x080003e4                CAN2_RX0_IRQHandler
                0x080003e4                DMA2_Stream3_IRQHandler
                0x080003e4                USART6_IRQHandler
                0x080003e4                USART3_IRQHandler
                0x080003e4                CAN1_RX1_IRQHandler
                0x080003e4                UART5_IRQHandler
                0x080003e4                DMA2_Stream0_IRQHandler
                0x080003e4                TIM4_IRQHandler
                0x080003e4                I2C1_EV_IRQHandler
                0x080003e4                DMA1_Stream6_IRQHandler
                0x080003e4                DMA1_Stream1_IRQHandler
                0x080003e4                UART4_IRQHandler
                0x080003e4                TIM3_IRQHandler
                0x080003e4                RCC_IRQHandler
                0x080003e4                TIM8_BRK_TIM12_IRQHandler
                0x080003e4                Default_Handler
                0x080003e4                EXTI15_10_IRQHandler
                0x080003e4                ADC_IRQHandler
                0x080003e4                DMA1_Stream7_IRQHandler
                0x080003e4                TIM7_IRQHandler
                0x080003e4                CAN2_TX_IRQHandler
                0x080003e4                TIM5_IRQHandler
                0x080003e4                DMA2_Stream7_IRQHandler
                0x080003e4                I2C3_EV_IRQHandler
                0x080003e4                EXTI9_5_IRQHandler
                0x080003e4                RTC_WKUP_IRQHandler
                0x080003e4                ETH_WKUP_IRQHandler
                0x080003e4                SPI2_IRQHandler
                0x080003e4                OTG_HS_EP1_IN_IRQHandler
                0x080003e4                DMA1_Stream0_IRQHandler
                0x080003e4                CAN1_TX_IRQHandler
                0x080003e4                EXTI4_IRQHandler
                0x080003e4                ETH_IRQHandler
                0x080003e4                OTG_HS_EP1_OUT_IRQHandler
                0x080003e4                WWDG_IRQHandler
                0x080003e4                TIM2_IRQHandler
                0x080003e4                OTG_FS_WKUP_IRQHandler
                0x080003e4                TIM1_TRG_COM_TIM11_IRQHandler
                0x080003e4                OTG_HS_IRQHandler
                0x080003e4                EXTI1_IRQHandler
                0x080003e4                USART2_IRQHandler
                0x080003e4                I2C2_ER_IRQHandler
                0x080003e4                DMA2_Stream1_IRQHandler
                0x080003e4                CAN1_SCE_IRQHandler
                0x080003e4                FLASH_IRQHandler
                0x080003e4                DMA2_Stream4_IRQHandler
                0x080003e4                USART1_IRQHandler
                0x080003e4                OTG_FS_IRQHandler
                0x080003e4                SPI3_IRQHandler
                0x080003e4                DMA1_Stream4_IRQHandler
                0x080003e4                I2C1_ER_IRQHandler
                0x080003e4                FMC_IRQHandler
                0x080003e4                DMA2_Stream6_IRQHandler
                0x080003e4                RTC_Alarm_IRQHandler

.inits          0x080003e8       0x28
                0x080003e8                        __data_regions_array_start = .
                0x080003e8        0x4 LONG 0x8004724 LOADADDR (.data)
                0x080003ec        0x4 LONG 0x20000000 ADDR (.data)
                0x080003f0        0x4 LONG 0x20000074 (ADDR (.data) + SIZEOF (.data))
                0x080003f4        0x4 LONG 0x8004724 LOADADDR (.data_CCMRAM)
                0x080003f8        0x4 LONG 0x10000000 ADDR (.data_CCMRAM)
                0x080003fc        0x4 LONG 0x10000000 (ADDR (.data_CCMRAM) + SIZEOF (.data_CCMRAM))
                0x08000400                        __data_regions_array_end = .
                0x08000400                        __bss_regions_array_start = .
                0x08000400        0x4 LONG 0x20000074 ADDR (.bss)
                0x08000404        0x4 LONG 0x20012e9c (ADDR (.bss) + SIZEOF (.bss))
                0x08000408        0x4 LONG 0x10000000 ADDR (.bss_CCMRAM)
                0x0800040c        0x4 LONG 0x10000000 (ADDR (.bss_CCMRAM) + SIZEOF (.bss_CCMRAM))
                0x08000410                        __bss_regions_array_end = .
 *(.init)
 *(.fini)
                0x08000410                        . = ALIGN (0x4)
                0x08000410                        PROVIDE (__preinit_array_start = .)
 *(.preinit_array_sysinit .preinit_array_sysinit.*)
 *(.preinit_array_platform .preinit_array_platform.*)
 *(.preinit_array .preinit_array.*)
                0x08000410                        PROVIDE (__preinit_array_end = .)
                0x08000410                        . = ALIGN (0x4)
                0x08000410                        PROVIDE (__init_array_start = .)
 *(SORT_BY_NAME(.init_array.*))
 *(.init_array)
                0x08000410                        PROVIDE (__init_array_end = .)
                0x08000410                        . = ALIGN (0x4)
                0x08000410                        PROVIDE (__fini_array_start = .)
 *(SORT_BY_NAME(.fini_array.*))
 *(.fini_array)
                0x08000410                        PROVIDE (__fini_array_end = .)

.flashtext
 *(.flashtext .flashtext.*)

.text           0x08000410     0x430c
 *(.text .text.*)
 .text.HAL_InitTick
                0x08000410       0x4c ./system/src/stm32f4-hal/stm32f4xx_hal.o
                0x08000410                HAL_InitTick
 .text.HAL_Init
                0x0800045c       0x34 ./system/src/stm32f4-hal/stm32f4xx_hal.o
                0x0800045c                HAL_Init
 .text.HAL_GetTick
                0x08000490        0xc ./system/src/stm32f4-hal/stm32f4xx_hal.o
                0x08000490                HAL_GetTick
 .text.__NVIC_SetPriority
                0x0800049c       0x28 ./system/src/stm32f4-hal/stm32f4xx_hal_cortex.o
 .text.NVIC_EncodePriority
                0x080004c4       0x3e ./system/src/stm32f4-hal/stm32f4xx_hal_cortex.o
 *fill*         0x08000502        0x2 
 .text.HAL_NVIC_SetPriorityGrouping
                0x08000504       0x3c ./system/src/stm32f4-hal/stm32f4xx_hal_cortex.o
                0x08000504                HAL_NVIC_SetPriorityGrouping
 .text.HAL_NVIC_SetPriority
                0x08000540       0x48 ./system/src/stm32f4-hal/stm32f4xx_hal_cortex.o
                0x08000540                HAL_NVIC_SetPriority
 .text.HAL_SYSTICK_Config
                0x08000588       0x28 ./system/src/stm32f4-hal/stm32f4xx_hal_cortex.o
                0x08000588                HAL_SYSTICK_Config
 .text.HAL_GPIO_Init
                0x080005b0      0x2c0 ./system/src/stm32f4-hal/stm32f4xx_hal_gpio.o
                0x080005b0                HAL_GPIO_Init
 .text.HAL_GPIO_WritePin
                0x08000870       0x38 ./system/src/stm32f4-hal/stm32f4xx_hal_gpio.o
                0x08000870                HAL_GPIO_WritePin
 .text.HAL_GPIO_TogglePin
                0x080008a8       0x2c ./system/src/stm32f4-hal/stm32f4xx_hal_gpio.o
                0x080008a8                HAL_GPIO_TogglePin
 .text.HAL_RCC_OscConfig
                0x080008d4      0x4f0 ./system/src/stm32f4-hal/stm32f4xx_hal_rcc.o
                0x080008d4                HAL_RCC_OscConfig
 .text.HAL_RCC_GetSysClockFreq
                0x08000dc4       0xdc ./system/src/stm32f4-hal/stm32f4xx_hal_rcc.o
                0x08000dc4                HAL_RCC_GetSysClockFreq
 .text.HAL_RCC_ClockConfig
                0x08000ea0      0x224 ./system/src/stm32f4-hal/stm32f4xx_hal_rcc.o
                0x08000ea0                HAL_RCC_ClockConfig
 .text.HAL_RCC_GetHCLKFreq
                0x080010c4        0xc ./system/src/stm32f4-hal/stm32f4xx_hal_rcc.o
                0x080010c4                HAL_RCC_GetHCLKFreq
 .text.HAL_RCC_GetPCLK1Freq
                0x080010d0       0x20 ./system/src/stm32f4-hal/stm32f4xx_hal_rcc.o
                0x080010d0                HAL_RCC_GetPCLK1Freq
 .text.HAL_RCC_GetPCLK2Freq
                0x080010f0       0x20 ./system/src/stm32f4-hal/stm32f4xx_hal_rcc.o
                0x080010f0                HAL_RCC_GetPCLK2Freq
 .text.UART_SetConfig
                0x08001110      0x238 ./system/src/stm32f4-hal/stm32f4xx_hal_uart.o
 .text.HAL_UART_MspInit
                0x08001348        0x2 ./system/src/stm32f4-hal/stm32f4xx_hal_uart.o
                0x08001348                HAL_UART_MspInit
 *fill*         0x0800134a        0x2 
 .text.HAL_UART_Init
                0x0800134c      0x128 ./system/src/stm32f4-hal/stm32f4xx_hal_uart.o
                0x0800134c                HAL_UART_Init
 .text.HAL_UART_Receive_IT
                0x08001474       0x62 ./system/src/stm32f4-hal/stm32f4xx_hal_uart.o
                0x08001474                HAL_UART_Receive_IT
 .text._exit    0x080014d6        0x2 ./system/src/newlib/exit.o
                0x080014d6                _exit
 .text._sbrk    0x080014d8       0x44 ./system/src/newlib/sbrk.o
                0x080014d8                _sbrk
 .text.__initialize_args
                0x0800151c       0x10 ./system/src/newlib/syscalls.o
                0x0800151c                __initialize_args
 .text._trace_write_semihosting_debug
                0x0800152c       0x62 ./system/src/diag/trace-impl.o
 .text.trace_write
                0x0800158e        0x8 ./system/src/diag/trace-impl.o
                0x0800158e                trace_write
 *fill*         0x08001596        0x2 
 .text.trace_printf
                0x08001598       0x34 ./system/src/diag/trace.o
                0x08001598                trace_printf
 .text.dumpExceptionStack
                0x080015cc       0xf4 ./system/src/cortexm/exception-handlers.o
                0x080015cc                dumpExceptionStack
 .text.isSemihosting
                0x080016c0       0x20 ./system/src/cortexm/exception-handlers.o
                0x080016c0                isSemihosting
 .text.__initialize_hardware_early
                0x080016e0       0x24 ./system/src/cortexm/initialize-hardware.o
                0x080016e0                __initialize_hardware_early
 .text.SystemInit
                0x08001704       0x1c ./system/src/cmsis/system_stm32f4xx.o
                0x08001704                SystemInit
 .text.SystemCoreClockUpdate
                0x08001720       0xa0 ./system/src/cmsis/system_stm32f4xx.o
                0x08001720                SystemCoreClockUpdate
 .text.__initialize_hardware
                0x080017c0       0x10 ./src/initialize-hardware.o
                0x080017c0                __initialize_hardware
 .text.assert_failed
                0x080017d0       0x14 ./src/initialize-hardware.o
                0x080017d0                assert_failed
 .text.MX_GPIO_Init
                0x080017e4      0x214 ./src/main.o
 .text.Error_Handler
                0x080019f8        0x4 ./src/main.o
                0x080019f8                Error_Handler
 .text.MX_USART2_UART_Init
                0x080019fc       0x34 ./src/main.o
 .text.SystemClock_Config
                0x08001a30       0xa4 ./src/main.o
                0x08001a30                SystemClock_Config
 .text.main     0x08001ad4      0x11c ./src/main.o
                0x08001ad4                main
 .text.HAL_MspInit
                0x08001bf0        0x2 ./src/stm32f4xx_hal_msp.o
                0x08001bf0                HAL_MspInit
 *fill*         0x08001bf2        0x2 
 .text.Extract_command
                0x08001bf4       0x4c ./src/task_handler.o
                0x08001bf4                Extract_command
 .text.Appliances_Handling_Task
                0x08001c40       0xc4 ./src/task_handler.o
                0x08001c40                Appliances_Handling_Task
 .text.Command_Handling_Task
                0x08001d04       0x60 ./src/task_handler.o
                0x08001d04                Command_Handling_Task
 .text.Menu_Display_Handling_Task
                0x08001d64       0xc4 ./src/task_handler.o
                0x08001d64                Menu_Display_Handling_Task
 .text.prvHeapInit
                0x08001e28       0x64 ./FreeRTOS/portable/MemMang/heap_4.o
 .text.prvInsertBlockIntoFreeList
                0x08001e8c       0x64 ./FreeRTOS/portable/MemMang/heap_4.o
 .text.pvPortMalloc
                0x08001ef0      0x110 ./FreeRTOS/portable/MemMang/heap_4.o
                0x08001ef0                pvPortMalloc
 .text.vPortFree
                0x08002000       0x7c ./FreeRTOS/portable/MemMang/heap_4.o
                0x08002000                vPortFree
 .text.prvTaskExitError
                0x0800207c       0x40 ./FreeRTOS/portable/GCC/ARM_CM4F/port.o
 .text.prvPortStartFirstTask
                0x080020bc       0x28 ./FreeRTOS/portable/GCC/ARM_CM4F/port.o
 .text.vPortEnableVFP
                0x080020e4       0x14 ./FreeRTOS/portable/GCC/ARM_CM4F/port.o
 .text.pxPortInitialiseStack
                0x080020f8       0x2c ./FreeRTOS/portable/GCC/ARM_CM4F/port.o
                0x080020f8                pxPortInitialiseStack
 *fill*         0x08002124        0xc 
 .text.SVC_Handler
                0x08002130       0x24 ./FreeRTOS/portable/GCC/ARM_CM4F/port.o
                0x08002130                SVC_Handler
 .text.vPortEnterCritical
                0x08002154       0x44 ./FreeRTOS/portable/GCC/ARM_CM4F/port.o
                0x08002154                vPortEnterCritical
 .text.vPortExitCritical
                0x08002198       0x2c ./FreeRTOS/portable/GCC/ARM_CM4F/port.o
                0x08002198                vPortExitCritical
 *fill*         0x080021c4        0xc 
 .text.PendSV_Handler
                0x080021d0       0x64 ./FreeRTOS/portable/GCC/ARM_CM4F/port.o
                0x080021d0                PendSV_Handler
 .text.SysTick_Handler
                0x08002234       0x2c ./FreeRTOS/portable/GCC/ARM_CM4F/port.o
                0x08002234                SysTick_Handler
 .text.vPortSetupTimerInterrupt
                0x08002260       0x28 ./FreeRTOS/portable/GCC/ARM_CM4F/port.o
                0x08002260                vPortSetupTimerInterrupt
 .text.xPortStartScheduler
                0x08002288      0x118 ./FreeRTOS/portable/GCC/ARM_CM4F/port.o
                0x08002288                xPortStartScheduler
 .text.vListInitialise
                0x080023a0       0x16 ./FreeRTOS/list.o
                0x080023a0                vListInitialise
 .text.vListInitialiseItem
                0x080023b6        0x6 ./FreeRTOS/list.o
                0x080023b6                vListInitialiseItem
 .text.vListInsert
                0x080023bc       0x32 ./FreeRTOS/list.o
                0x080023bc                vListInsert
 .text.uxListRemove
                0x080023ee       0x26 ./FreeRTOS/list.o
                0x080023ee                uxListRemove
 .text.prvIsQueueFull
                0x08002414       0x1e ./FreeRTOS/queue.o
 .text.prvIsQueueEmpty
                0x08002432       0x1a ./FreeRTOS/queue.o
 .text.prvCopyDataToQueue
                0x0800244c       0x76 ./FreeRTOS/queue.o
 .text.prvCopyDataFromQueue
                0x080024c2       0x24 ./FreeRTOS/queue.o
 .text.prvUnlockQueue
                0x080024e6       0x6e ./FreeRTOS/queue.o
 .text.xQueueGenericReset
                0x08002554       0xaa ./FreeRTOS/queue.o
                0x08002554                xQueueGenericReset
 .text.prvInitialiseNewQueue
                0x080025fe       0x22 ./FreeRTOS/queue.o
 .text.xQueueGenericCreate
                0x08002620       0x56 ./FreeRTOS/queue.o
                0x08002620                xQueueGenericCreate
 .text.xQueueGenericSend
                0x08002676      0x16c ./FreeRTOS/queue.o
                0x08002676                xQueueGenericSend
 .text.xQueueReceive
                0x080027e2      0x140 ./FreeRTOS/queue.o
                0x080027e2                xQueueReceive
 .text.uxQueueMessagesWaiting
                0x08002922       0x26 ./FreeRTOS/queue.o
                0x08002922                uxQueueMessagesWaiting
 .text.prvResetNextTaskUnblockTime
                0x08002948       0x28 ./FreeRTOS/tasks.o
 .text.prvDeleteTCB
                0x08002970       0x12 ./FreeRTOS/tasks.o
 .text.prvInitialiseNewTask
                0x08002982       0xb2 ./FreeRTOS/tasks.o
 .text.prvInitialiseTaskLists
                0x08002a34       0x68 ./FreeRTOS/tasks.o
 .text.prvAddNewTaskToReadyList
                0x08002a9c       0xc8 ./FreeRTOS/tasks.o
 .text.prvCheckTasksWaitingTermination
                0x08002b64       0x4c ./FreeRTOS/tasks.o
 .text.prvIdleTask
                0x08002bb0       0x28 ./FreeRTOS/tasks.o
 .text.prvAddCurrentTaskToDelayedList
                0x08002bd8       0xb0 ./FreeRTOS/tasks.o
 .text.xTaskCreate
                0x08002c88       0x60 ./FreeRTOS/tasks.o
                0x08002c88                xTaskCreate
 .text.vTaskStartScheduler
                0x08002ce8       0x84 ./FreeRTOS/tasks.o
                0x08002ce8                vTaskStartScheduler
 .text.vTaskSuspendAll
                0x08002d6c       0x10 ./FreeRTOS/tasks.o
                0x08002d6c                vTaskSuspendAll
 .text.xTaskIncrementTick
                0x08002d7c      0x178 ./FreeRTOS/tasks.o
                0x08002d7c                xTaskIncrementTick
 .text.xTaskResumeAll
                0x08002ef4      0x14c ./FreeRTOS/tasks.o
                0x08002ef4                xTaskResumeAll
 .text.vTaskSwitchContext
                0x08003040       0x98 ./FreeRTOS/tasks.o
                0x08003040                vTaskSwitchContext
 .text.vTaskPlaceOnEventList
                0x080030d8       0x30 ./FreeRTOS/tasks.o
                0x080030d8                vTaskPlaceOnEventList
 .text.xTaskRemoveFromEventList
                0x08003108       0xf0 ./FreeRTOS/tasks.o
                0x08003108                xTaskRemoveFromEventList
 .text.vTaskInternalSetTimeOutState
                0x080031f8       0x18 ./FreeRTOS/tasks.o
                0x080031f8                vTaskInternalSetTimeOutState
 .text.xTaskCheckForTimeOut
                0x08003210       0x88 ./FreeRTOS/tasks.o
                0x08003210                xTaskCheckForTimeOut
 .text.vTaskMissedYield
                0x08003298        0xc ./FreeRTOS/tasks.o
                0x08003298                vTaskMissedYield
 .text.xTaskPriorityDisinherit
                0x080032a4       0xbc ./FreeRTOS/tasks.o
                0x080032a4                xTaskPriorityDisinherit
 .text.xTaskGenericNotifyWait
                0x08003360       0xcc ./FreeRTOS/tasks.o
                0x08003360                xTaskGenericNotifyWait
 .text.xTaskGenericNotify
                0x0800342c      0x168 ./FreeRTOS/tasks.o
                0x0800342c                xTaskGenericNotify
 .text          0x08003594       0x30 /Applications/ArmGNUToolchain/13.2.Rel1/arm-none-eabi/bin/../lib/gcc/arm-none-eabi/13.2.1/thumb/v7e-m+fp/softfp/libgcc.a(_aeabi_uldivmod.o)
                0x08003594                __aeabi_uldivmod
 .text.__udivmoddi4
                0x080035c4      0x2bc /Applications/ArmGNUToolchain/13.2.Rel1/arm-none-eabi/bin/../lib/gcc/arm-none-eabi/13.2.1/thumb/v7e-m+fp/softfp/libgcc.a(_udivmoddi4.o)
                0x080035c4                __udivmoddi4
 .text          0x08003880        0x4 /Applications/ArmGNUToolchain/13.2.Rel1/arm-none-eabi/bin/../lib/gcc/arm-none-eabi/13.2.1/thumb/v7e-m+fp/softfp/libgcc.a(_dvmd_tls.o)
                0x08003880                __aeabi_ldiv0
                0x08003880                __aeabi_idiv0
 .text._vsnprintf_r
                0x08003884       0x56 /Applications/ArmGNUToolchain/13.2.Rel1/arm-none-eabi/bin/../lib/gcc/arm-none-eabi/13.2.1/../../../../arm-none-eabi/lib/thumb/v7e-m+fp/softfp/libg_nano.a(libc_a-vsnprintf.o)
                0x08003884                _vsnprintf_r
                0x08003884                _vsniprintf_r
 *fill*         0x080038da        0x2 
 .text.vsnprintf
                0x080038dc       0x1c /Applications/ArmGNUToolchain/13.2.Rel1/arm-none-eabi/bin/../lib/gcc/arm-none-eabi/13.2.1/../../../../arm-none-eabi/lib/thumb/v7e-m+fp/softfp/libg_nano.a(libc_a-vsnprintf.o)
                0x080038dc                vsnprintf
                0x080038dc                vsniprintf
 .text.memset   0x080038f8       0x10 /Applications/ArmGNUToolchain/13.2.Rel1/arm-none-eabi/bin/../lib/gcc/arm-none-eabi/13.2.1/../../../../arm-none-eabi/lib/thumb/v7e-m+fp/softfp/libg_nano.a(libc_a-memset.o)
                0x080038f8                memset
 .text.__errno  0x08003908        0xc /Applications/ArmGNUToolchain/13.2.Rel1/arm-none-eabi/bin/../lib/gcc/arm-none-eabi/13.2.1/../../../../arm-none-eabi/lib/thumb/v7e-m+fp/softfp/libg_nano.a(libc_a-errno.o)
                0x08003908                __errno
 .text.memcpy   0x08003914       0x1c /Applications/ArmGNUToolchain/13.2.Rel1/arm-none-eabi/bin/../lib/gcc/arm-none-eabi/13.2.1/../../../../arm-none-eabi/lib/thumb/v7e-m+fp/softfp/libg_nano.a(libc_a-memcpy-stub.o)
                0x08003914                memcpy
 .text.__ssputs_r
                0x08003930       0xb6 /Applications/ArmGNUToolchain/13.2.Rel1/arm-none-eabi/bin/../lib/gcc/arm-none-eabi/13.2.1/../../../../arm-none-eabi/lib/thumb/v7e-m+fp/softfp/libg_nano.a(libc_a-nano-svfprintf.o)
                0x08003930                __ssputs_r
 *fill*         0x080039e6        0x2 
 .text._svfprintf_r
                0x080039e8      0x1f8 /Applications/ArmGNUToolchain/13.2.Rel1/arm-none-eabi/bin/../lib/gcc/arm-none-eabi/13.2.1/../../../../arm-none-eabi/lib/thumb/v7e-m+fp/softfp/libg_nano.a(libc_a-nano-svfprintf.o)
                0x080039e8                _svfprintf_r
                0x080039e8                _svfiprintf_r
 .text.sbrk_aligned
                0x08003be0       0x44 /Applications/ArmGNUToolchain/13.2.Rel1/arm-none-eabi/bin/../lib/gcc/arm-none-eabi/13.2.1/../../../../arm-none-eabi/lib/thumb/v7e-m+fp/softfp/libg_nano.a(libc_a-mallocr.o)
 .text._malloc_r
                0x08003c24      0x100 /Applications/ArmGNUToolchain/13.2.Rel1/arm-none-eabi/bin/../lib/gcc/arm-none-eabi/13.2.1/../../../../arm-none-eabi/lib/thumb/v7e-m+fp/softfp/libg_nano.a(libc_a-mallocr.o)
                0x08003c24                _malloc_r
 .text._printf_common
                0x08003d24       0xda /Applications/ArmGNUToolchain/13.2.Rel1/arm-none-eabi/bin/../lib/gcc/arm-none-eabi/13.2.1/../../../../arm-none-eabi/lib/thumb/v7e-m+fp/softfp/libg_nano.a(libc_a-nano-vfprintf_i.o)
                0x08003d24                _printf_common
 *fill*         0x08003dfe        0x2 
 .text._printf_i
                0x08003e00      0x23c /Applications/ArmGNUToolchain/13.2.Rel1/arm-none-eabi/bin/../lib/gcc/arm-none-eabi/13.2.1/../../../../arm-none-eabi/lib/thumb/v7e-m+fp/softfp/libg_nano.a(libc_a-nano-vfprintf_i.o)
                0x08003e00                _printf_i
 .text.__malloc_lock
                0x0800403c        0xc /Applications/ArmGNUToolchain/13.2.Rel1/arm-none-eabi/bin/../lib/gcc/arm-none-eabi/13.2.1/../../../../arm-none-eabi/lib/thumb/v7e-m+fp/softfp/libg_nano.a(libc_a-mlock.o)
                0x0800403c                __malloc_lock
 .text.__malloc_unlock
                0x08004048        0xc /Applications/ArmGNUToolchain/13.2.Rel1/arm-none-eabi/bin/../lib/gcc/arm-none-eabi/13.2.1/../../../../arm-none-eabi/lib/thumb/v7e-m+fp/softfp/libg_nano.a(libc_a-mlock.o)
                0x08004048                __malloc_unlock
 .text._realloc_r
                0x08004054       0x5c /Applications/ArmGNUToolchain/13.2.Rel1/arm-none-eabi/bin/../lib/gcc/arm-none-eabi/13.2.1/../../../../arm-none-eabi/lib/thumb/v7e-m+fp/softfp/libg_nano.a(libc_a-reallocr.o)
                0x08004054                _realloc_r
 .text.memmove  0x080040b0       0x34 /Applications/ArmGNUToolchain/13.2.Rel1/arm-none-eabi/bin/../lib/gcc/arm-none-eabi/13.2.1/../../../../arm-none-eabi/lib/thumb/v7e-m+fp/softfp/libg_nano.a(libc_a-memmove.o)
                0x080040b0                memmove
 .text._sbrk_r  0x080040e4       0x20 /Applications/ArmGNUToolchain/13.2.Rel1/arm-none-eabi/bin/../lib/gcc/arm-none-eabi/13.2.1/../../../../arm-none-eabi/lib/thumb/v7e-m+fp/softfp/libg_nano.a(libc_a-sbrkr.o)
                0x080040e4                _sbrk_r
 .text.__retarget_lock_acquire_recursive
                0x08004104        0x2 /Applications/ArmGNUToolchain/13.2.Rel1/arm-none-eabi/bin/../lib/gcc/arm-none-eabi/13.2.1/../../../../arm-none-eabi/lib/thumb/v7e-m+fp/softfp/libg_nano.a(libc_a-lock.o)
                0x08004104                __retarget_lock_acquire_recursive
 .text.__retarget_lock_release_recursive
                0x08004106        0x2 /Applications/ArmGNUToolchain/13.2.Rel1/arm-none-eabi/bin/../lib/gcc/arm-none-eabi/13.2.1/../../../../arm-none-eabi/lib/thumb/v7e-m+fp/softfp/libg_nano.a(libc_a-lock.o)
                0x08004106                __retarget_lock_release_recursive
 *fill*         0x08004108        0x8 
 .text          0x08004110       0xa0 /Applications/ArmGNUToolchain/13.2.Rel1/arm-none-eabi/bin/../lib/gcc/arm-none-eabi/13.2.1/../../../../arm-none-eabi/lib/thumb/v7e-m+fp/softfp/libg_nano.a(libc_a-memchr.o)
                0x08004110                memchr
 .text._free_r  0x080041b0       0x94 /Applications/ArmGNUToolchain/13.2.Rel1/arm-none-eabi/bin/../lib/gcc/arm-none-eabi/13.2.1/../../../../arm-none-eabi/lib/thumb/v7e-m+fp/softfp/libg_nano.a(libc_a-freer.o)
                0x080041b0                _free_r
 .text._malloc_usable_size_r
                0x08004244       0x10 /Applications/ArmGNUToolchain/13.2.Rel1/arm-none-eabi/bin/../lib/gcc/arm-none-eabi/13.2.1/../../../../arm-none-eabi/lib/thumb/v7e-m+fp/softfp/libg_nano.a(libc_a-msizer.o)
                0x08004244                _malloc_usable_size_r
 *(.rodata .rodata.* .constdata .constdata.*)
 .rodata.HAL_NVIC_SetPriorityGrouping.str1.4
                0x08004254      0x3fd ./system/src/stm32f4-hal/stm32f4xx_hal_cortex.o
                                 0x31 (size before relaxing)
 .rodata.HAL_GPIO_Init.str1.4
                0x08004651       0x2f ./system/src/stm32f4-hal/stm32f4xx_hal_gpio.o
 .rodata.HAL_RCC_OscConfig.str1.4
                0x08004651       0x2e ./system/src/stm32f4-hal/stm32f4xx_hal_rcc.o
 .rodata.UART_SetConfig.str1.4
                0x08004651       0x2f ./system/src/stm32f4-hal/stm32f4xx_hal_uart.o
 .rodata.dumpExceptionStack.str1.4
                0x08004651      0x11a ./system/src/cortexm/exception-handlers.o
 .rodata.str1.4
                0x08004651       0x2a ./system/src/cortexm/exception-handlers.o
 *fill*         0x08004651        0x3 
 .rodata.APBPrescTable
                0x08004654        0x8 ./system/src/cmsis/system_stm32f4xx.o
                0x08004654                APBPrescTable
 .rodata.AHBPrescTable
                0x0800465c       0x10 ./system/src/cmsis/system_stm32f4xx.o
                0x0800465c                AHBPrescTable
 .rodata.assert_failed.str1.4
                0x0800466c       0x2d ./src/initialize-hardware.o
 .rodata.main.str1.4
                0x0800466c       0x3e ./src/main.o
 .rodata.Appliances_Handling_Task.str1.4
                0x0800466c       0xbc ./src/task_handler.o
 .rodata.Menu_Display_Handling_Task.str1.4
                0x0800466c       0xa0 ./src/task_handler.o
 .rodata.str1.4
                0x0800466c       0x1f ./src/task_handler.o
 .rodata.vTaskStartScheduler.str1.4
                0x0800466c        0x5 ./FreeRTOS/tasks.o
 .rodata.uxTopUsedPriority
                0x0800466c        0x4 ./FreeRTOS/tasks.o
                0x0800466c                uxTopUsedPriority
 .rodata._svfprintf_r.str1.1
                0x08004670       0x33 /Applications/ArmGNUToolchain/13.2.Rel1/arm-none-eabi/bin/../lib/gcc/arm-none-eabi/13.2.1/../../../../arm-none-eabi/lib/thumb/v7e-m+fp/softfp/libg_nano.a(libc_a-nano-svfprintf.o)
                                 0x11 (size before relaxing)
 .rodata._printf_i.str1.1
                0x080046a3       0x22 /Applications/ArmGNUToolchain/13.2.Rel1/arm-none-eabi/bin/../lib/gcc/arm-none-eabi/13.2.1/../../../../arm-none-eabi/lib/thumb/v7e-m+fp/softfp/libg_nano.a(libc_a-nano-vfprintf_i.o)
 *(vtable)
 *(.eh_frame*)
 *fill*         0x080046a3        0x1 
 .eh_frame      0x080046a4       0x28 /Applications/ArmGNUToolchain/13.2.Rel1/arm-none-eabi/bin/../lib/gcc/arm-none-eabi/13.2.1/../../../../arm-none-eabi/lib/thumb/v7e-m+fp/softfp/libg_nano.a(libc_a-strlen.o)
 .eh_frame      0x080046cc       0x50 /Applications/ArmGNUToolchain/13.2.Rel1/arm-none-eabi/bin/../lib/gcc/arm-none-eabi/13.2.1/../../../../arm-none-eabi/lib/thumb/v7e-m+fp/softfp/libg_nano.a(libc_a-memchr.o)
 *(.glue_7)
 .glue_7        0x0800471c        0x0 linker stubs
 *(.glue_7t)
 .glue_7t       0x0800471c        0x0 linker stubs

.vfp11_veneer   0x0800471c        0x0
 .vfp11_veneer  0x0800471c        0x0 linker stubs

.v4_bx          0x0800471c        0x0
 .v4_bx         0x0800471c        0x0 linker stubs

.iplt           0x0800471c        0x0
 .iplt          0x0800471c        0x0 ./system/src/stm32f4-hal/stm32f4xx_hal.o

.ARM.extab
 *(.ARM.extab* .gnu.linkonce.armextab.*)
                0x0800471c                        . = ALIGN (0x4)
                0x0800471c                        __exidx_start = .

.ARM.exidx      0x0800471c        0x8
 *(.ARM.exidx* .gnu.linkonce.armexidx.*)
 .ARM.exidx.text.__udivmoddi4
                0x0800471c        0x8 /Applications/ArmGNUToolchain/13.2.Rel1/arm-none-eabi/bin/../lib/gcc/arm-none-eabi/13.2.1/thumb/v7e-m+fp/softfp/libgcc.a(_udivmoddi4.o)
 .ARM.exidx     0x08004724        0x0 /Applications/ArmGNUToolchain/13.2.Rel1/arm-none-eabi/bin/../lib/gcc/arm-none-eabi/13.2.1/../../../../arm-none-eabi/lib/thumb/v7e-m+fp/softfp/libg_nano.a(libc_a-memchr.o)
                                  0x8 (size before relaxing)
                0x08004724                        __exidx_end = .

.rel.dyn        0x08004724        0x0
 .rel.iplt      0x08004724        0x0 ./system/src/stm32f4-hal/stm32f4xx_hal.o
                0x08004724                        . = ALIGN (0x4)
                0x08004724                        _etext = .
                0x08004724                        __etext = .

.data_CCMRAM    0x10000000        0x0 load address 0x08004724
 FILL mask 0xff
 *(.data.CCMRAM .data.CCMRAM.*)
                0x10000000                        . = ALIGN (0x4)
                0x08004724                        _sidata = LOADADDR (.data)

.data           0x20000000       0x74 load address 0x08004724
 FILL mask 0xff
                0x20000000                        _sdata = .
                0x20000000                        __data_start__ = .
 *(.data_begin .data_begin.*)
 .data_begin    0x20000000        0x4 ./system/src/newlib/startup.o
 *(.data .data.*)
 .data.uwTickFreq
                0x20000004        0x1 ./system/src/stm32f4-hal/stm32f4xx_hal.o
                0x20000004                uwTickFreq
 *fill*         0x20000005        0x3 ff
 .data.uwTickPrio
                0x20000008        0x4 ./system/src/stm32f4-hal/stm32f4xx_hal.o
                0x20000008                uwTickPrio
 .data.argv.1   0x2000000c        0x8 ./system/src/newlib/syscalls.o
 .data.SystemCoreClock
                0x20000014        0x4 ./system/src/cmsis/system_stm32f4xx.o
                0x20000014                SystemCoreClock
 .data.Invalid_msg
                0x20000018        0x4 ./src/task_handler.o
                0x20000018                Invalid_msg
 .data.uxCriticalNesting
                0x2000001c        0x4 ./FreeRTOS/portable/GCC/ARM_CM4F/port.o
 .data._impure_ptr
                0x20000020        0x4 /Applications/ArmGNUToolchain/13.2.Rel1/arm-none-eabi/bin/../lib/gcc/arm-none-eabi/13.2.1/../../../../arm-none-eabi/lib/thumb/v7e-m+fp/softfp/libg_nano.a(libc_a-impure.o)
                0x20000020                _impure_ptr
 .data._impure_data
                0x20000024       0x4c /Applications/ArmGNUToolchain/13.2.Rel1/arm-none-eabi/bin/../lib/gcc/arm-none-eabi/13.2.1/../../../../arm-none-eabi/lib/thumb/v7e-m+fp/softfp/libg_nano.a(libc_a-impure.o)
                0x20000024                _impure_data
 *(.data_end .data_end.*)
 .data_end      0x20000070        0x4 ./system/src/newlib/startup.o
                0x20000074                        . = ALIGN (0x4)
                0x20000074                        _edata = .
                0x20000074                        __data_end__ = .

.igot.plt       0x20000074        0x0 load address 0x08004798
 .igot.plt      0x20000074        0x0 ./system/src/stm32f4-hal/stm32f4xx_hal.o

.bss_CCMRAM     0x10000000        0x0
 *(.bss.CCMRAM .bss.CCMRAM.*)

.bss            0x20000074    0x12e28
                0x20000074                        __bss_start__ = .
                0x20000074                        _sbss = .
 *(.bss_begin .bss_begin.*)
 .bss_begin     0x20000074        0x4 ./system/src/newlib/startup.o
 *(.bss .bss.*)
 .bss.uwTick    0x20000078        0x4 ./system/src/stm32f4-hal/stm32f4xx_hal.o
                0x20000078                uwTick
 .bss.current_heap_end.0
                0x2000007c        0x4 ./system/src/newlib/sbrk.o
 .bss.name.0    0x20000080        0x1 ./system/src/newlib/syscalls.o
 *fill*         0x20000081        0x3 
 .bss.errno     0x20000084        0x4 ./system/src/newlib/syscalls.o
                0x20000084                errno
 .bss.buf.0     0x20000088       0x80 ./system/src/diag/trace.o
 .bss.Curr_state
                0x20000108        0x1 ./src/main.o
                0x20000108                Curr_state
 .bss.User_data
                0x20000109        0x1 ./src/main.o
 *fill*         0x2000010a        0x2 
 .bss.Print_queue
                0x2000010c        0x4 ./src/main.o
                0x2000010c                Print_queue
 .bss.Command_queue
                0x20000110        0x4 ./src/main.o
                0x20000110                Command_queue
 .bss.Menu_display_task_handle
                0x20000114        0x4 ./src/main.o
                0x20000114                Menu_display_task_handle
 .bss.Command_task_handle
                0x20000118        0x4 ./src/main.o
                0x20000118                Command_task_handle
 .bss.Appliances_task_handle
                0x2000011c        0x4 ./src/main.o
                0x2000011c                Appliances_task_handle
 .bss.huart2    0x20000120       0x40 ./src/main.o
                0x20000120                huart2
 .bss.xBlockAllocatedBit
                0x20000160        0x4 ./FreeRTOS/portable/MemMang/heap_4.o
 .bss.xNumberOfSuccessfulFrees
                0x20000164        0x4 ./FreeRTOS/portable/MemMang/heap_4.o
 .bss.xNumberOfSuccessfulAllocations
                0x20000168        0x4 ./FreeRTOS/portable/MemMang/heap_4.o
 .bss.xMinimumEverFreeBytesRemaining
                0x2000016c        0x4 ./FreeRTOS/portable/MemMang/heap_4.o
 .bss.xFreeBytesRemaining
                0x20000170        0x4 ./FreeRTOS/portable/MemMang/heap_4.o
 .bss.pxEnd     0x20000174        0x4 ./FreeRTOS/portable/MemMang/heap_4.o
 .bss.xStart    0x20000178        0x8 ./FreeRTOS/portable/MemMang/heap_4.o
 .bss.ucHeap    0x20000180    0x12c00 ./FreeRTOS/portable/MemMang/heap_4.o
 .bss.ulMaxPRIGROUPValue
                0x20012d80        0x4 ./FreeRTOS/portable/GCC/ARM_CM4F/port.o
 .bss.ucMaxSysCallPriority
                0x20012d84        0x1 ./FreeRTOS/portable/GCC/ARM_CM4F/port.o
 *fill*         0x20012d85        0x3 
 .bss.uxSchedulerSuspended
                0x20012d88        0x4 ./FreeRTOS/tasks.o
 .bss.xIdleTaskHandle
                0x20012d8c        0x4 ./FreeRTOS/tasks.o
 .bss.xNextTaskUnblockTime
                0x20012d90        0x4 ./FreeRTOS/tasks.o
 .bss.uxTaskNumber
                0x20012d94        0x4 ./FreeRTOS/tasks.o
 .bss.xNumOfOverflows
                0x20012d98        0x4 ./FreeRTOS/tasks.o
 .bss.xYieldPending
                0x20012d9c        0x4 ./FreeRTOS/tasks.o
 .bss.xPendedTicks
                0x20012da0        0x4 ./FreeRTOS/tasks.o
 .bss.xSchedulerRunning
                0x20012da4        0x4 ./FreeRTOS/tasks.o
 .bss.uxTopReadyPriority
                0x20012da8        0x4 ./FreeRTOS/tasks.o
 .bss.xTickCount
                0x20012dac        0x4 ./FreeRTOS/tasks.o
 .bss.uxCurrentNumberOfTasks
                0x20012db0        0x4 ./FreeRTOS/tasks.o
 .bss.xSuspendedTaskList
                0x20012db4       0x14 ./FreeRTOS/tasks.o
 .bss.uxDeletedTasksWaitingCleanUp
                0x20012dc8        0x4 ./FreeRTOS/tasks.o
 .bss.xTasksWaitingTermination
                0x20012dcc       0x14 ./FreeRTOS/tasks.o
 .bss.xPendingReadyList
                0x20012de0       0x14 ./FreeRTOS/tasks.o
 .bss.pxOverflowDelayedTaskList
                0x20012df4        0x4 ./FreeRTOS/tasks.o
 .bss.pxDelayedTaskList
                0x20012df8        0x4 ./FreeRTOS/tasks.o
 .bss.xDelayedTaskList2
                0x20012dfc       0x14 ./FreeRTOS/tasks.o
 .bss.xDelayedTaskList1
                0x20012e10       0x14 ./FreeRTOS/tasks.o
 .bss.pxReadyTasksLists
                0x20012e24       0x64 ./FreeRTOS/tasks.o
 .bss.pxCurrentTCB
                0x20012e88        0x4 ./FreeRTOS/tasks.o
                0x20012e88                pxCurrentTCB
 .bss.__malloc_sbrk_start
                0x20012e8c        0x4 /Applications/ArmGNUToolchain/13.2.Rel1/arm-none-eabi/bin/../lib/gcc/arm-none-eabi/13.2.1/../../../../arm-none-eabi/lib/thumb/v7e-m+fp/softfp/libg_nano.a(libc_a-mallocr.o)
                0x20012e8c                __malloc_sbrk_start
 .bss.__malloc_free_list
                0x20012e90        0x4 /Applications/ArmGNUToolchain/13.2.Rel1/arm-none-eabi/bin/../lib/gcc/arm-none-eabi/13.2.1/../../../../arm-none-eabi/lib/thumb/v7e-m+fp/softfp/libg_nano.a(libc_a-mallocr.o)
                0x20012e90                __malloc_free_list
 .bss.__lock___malloc_recursive_mutex
                0x20012e94        0x1 /Applications/ArmGNUToolchain/13.2.Rel1/arm-none-eabi/bin/../lib/gcc/arm-none-eabi/13.2.1/../../../../arm-none-eabi/lib/thumb/v7e-m+fp/softfp/libg_nano.a(libc_a-lock.o)
                0x20012e94                __lock___malloc_recursive_mutex
 *(COMMON)
 *(.bss_end .bss_end.*)
 *fill*         0x20012e95        0x3 
 .bss_end       0x20012e98        0x4 ./system/src/newlib/startup.o
                0x20012e9c                        . = ALIGN (0x4)
                0x20012e9c                        __bss_end__ = .
                0x20012e9c                        _ebss = .

.noinit_CCMRAM
 *(.noinit.CCMRAM .noinit.CCMRAM.*)

.noinit         0x20012e9c        0x0
                0x20012e9c                        _noinit = .
 *(.noinit .noinit.*)
                0x20012e9c                        . = ALIGN (0x4)
                0x20012e9c                        _end_noinit = .
                [!provide]                        PROVIDE (end = _end_noinit)
                [!provide]                        PROVIDE (_end = _end_noinit)
                [!provide]                        PROVIDE (__end = _end_noinit)
                [!provide]                        PROVIDE (__end__ = _end_noinit)

._check_stack   0x20012e9c      0x100
                0x20012f9c                        . = (. + _Minimum_Stack_Size)
 *fill*         0x20012e9c      0x100 

.b1text
 *(.b1text)
 *(.b1rodata)
 *(.b1rodata.*)

.eb0text
 *(.eb0text)
 *(.eb0rodata)
 *(.eb0rodata.*)

.eb1text
 *(.eb1text)
 *(.eb1rodata)
 *(.eb1rodata.*)

.eb2text
 *(.eb2text)
 *(.eb2rodata)
 *(.eb2rodata.*)

.eb3text
 *(.eb3text)
 *(.eb3rodata)
 *(.eb3rodata.*)

.stab
 *(.stab)

.stabstr
 *(.stabstr)

.stab.excl
 *(.stab.excl)

.stab.exclstr
 *(.stab.exclstr)

.stab.index
 *(.stab.index)

.stab.indexstr
 *(.stab.indexstr)

.comment        0x00000000       0x44
 *(.comment)
 .comment       0x00000000       0x44 ./system/src/stm32f4-hal/stm32f4xx_hal.o
                                 0x45 (size before relaxing)
 .comment       0x00000044       0x45 ./system/src/stm32f4-hal/stm32f4xx_hal_cortex.o
 .comment       0x00000044       0x45 ./system/src/stm32f4-hal/stm32f4xx_hal_gpio.o
 .comment       0x00000044       0x45 ./system/src/stm32f4-hal/stm32f4xx_hal_rcc.o
 .comment       0x00000044       0x45 ./system/src/stm32f4-hal/stm32f4xx_hal_uart.o
 .comment       0x00000044       0x45 ./system/src/newlib/exit.o
 .comment       0x00000044       0x45 ./system/src/newlib/sbrk.o
 .comment       0x00000044       0x45 ./system/src/newlib/startup.o
 .comment       0x00000044       0x45 ./system/src/newlib/syscalls.o
 .comment       0x00000044       0x45 ./system/src/diag/trace-impl.o
 .comment       0x00000044       0x45 ./system/src/diag/trace.o
 .comment       0x00000044       0x45 ./system/src/cortexm/exception-handlers.o
 .comment       0x00000044       0x45 ./system/src/cortexm/initialize-hardware.o
 .comment       0x00000044       0x45 ./system/src/cmsis/system_stm32f4xx.o
 .comment       0x00000044       0x45 ./system/src/cmsis/vectors_stm32f407xx.o
 .comment       0x00000044       0x45 ./src/initialize-hardware.o
 .comment       0x00000044       0x45 ./src/main.o
 .comment       0x00000044       0x45 ./src/stm32f4xx_hal_msp.o
 .comment       0x00000044       0x45 ./src/task_handler.o
 .comment       0x00000044       0x45 ./FreeRTOS/portable/MemMang/heap_4.o
 .comment       0x00000044       0x45 ./FreeRTOS/portable/GCC/ARM_CM4F/port.o
 .comment       0x00000044       0x45 ./FreeRTOS/list.o
 .comment       0x00000044       0x45 ./FreeRTOS/queue.o
 .comment       0x00000044       0x45 ./FreeRTOS/tasks.o

.ARM.attributes
                0x00000000       0x30
 .ARM.attributes
                0x00000000       0x32 ./system/src/stm32f4-hal/stm32f4xx_hal.o
 .ARM.attributes
                0x00000032       0x32 ./system/src/stm32f4-hal/stm32f4xx_hal_cortex.o
 .ARM.attributes
                0x00000064       0x32 ./system/src/stm32f4-hal/stm32f4xx_hal_gpio.o
 .ARM.attributes
                0x00000096       0x32 ./system/src/stm32f4-hal/stm32f4xx_hal_rcc.o
 .ARM.attributes
                0x000000c8       0x32 ./system/src/stm32f4-hal/stm32f4xx_hal_uart.o
 .ARM.attributes
                0x000000fa       0x32 ./system/src/newlib/exit.o
 .ARM.attributes
                0x0000012c       0x32 ./system/src/newlib/sbrk.o
 .ARM.attributes
                0x0000015e       0x32 ./system/src/newlib/startup.o
 .ARM.attributes
                0x00000190       0x32 ./system/src/newlib/syscalls.o
 .ARM.attributes
                0x000001c2       0x32 ./system/src/diag/trace-impl.o
 .ARM.attributes
                0x000001f4       0x32 ./system/src/diag/trace.o
 .ARM.attributes
                0x00000226       0x32 ./system/src/cortexm/exception-handlers.o
 .ARM.attributes
                0x00000258       0x32 ./system/src/cortexm/initialize-hardware.o
 .ARM.attributes
                0x0000028a       0x32 ./system/src/cmsis/system_stm32f4xx.o
 .ARM.attributes
                0x000002bc       0x32 ./system/src/cmsis/vectors_stm32f407xx.o
 .ARM.attributes
                0x000002ee       0x32 ./src/initialize-hardware.o
 .ARM.attributes
                0x00000320       0x32 ./src/main.o
 .ARM.attributes
                0x00000352       0x32 ./src/stm32f4xx_hal_msp.o
 .ARM.attributes
                0x00000384       0x32 ./src/task_handler.o
 .ARM.attributes
                0x000003b6       0x32 ./FreeRTOS/portable/MemMang/heap_4.o
 .ARM.attributes
                0x000003e8       0x32 ./FreeRTOS/portable/GCC/ARM_CM4F/port.o
 .ARM.attributes
                0x0000041a       0x32 ./FreeRTOS/list.o
 .ARM.attributes
                0x0000044c       0x32 ./FreeRTOS/queue.o
 .ARM.attributes
                0x0000047e       0x32 ./FreeRTOS/tasks.o
 .ARM.attributes
                0x000004b0       0x22 /Applications/ArmGNUToolchain/13.2.Rel1/arm-none-eabi/bin/../lib/gcc/arm-none-eabi/13.2.1/thumb/v7e-m+fp/softfp/libgcc.a(_aeabi_uldivmod.o)
 .ARM.attributes
                0x000004d2       0x32 /Applications/ArmGNUToolchain/13.2.Rel1/arm-none-eabi/bin/../lib/gcc/arm-none-eabi/13.2.1/thumb/v7e-m+fp/softfp/libgcc.a(_udivmoddi4.o)
 .ARM.attributes
                0x00000504       0x22 /Applications/ArmGNUToolchain/13.2.Rel1/arm-none-eabi/bin/../lib/gcc/arm-none-eabi/13.2.1/thumb/v7e-m+fp/softfp/libgcc.a(_dvmd_tls.o)
 .ARM.attributes
                0x00000526       0x32 /Applications/ArmGNUToolchain/13.2.Rel1/arm-none-eabi/bin/../lib/gcc/arm-none-eabi/13.2.1/../../../../arm-none-eabi/lib/thumb/v7e-m+fp/softfp/libg_nano.a(libc_a-vsnprintf.o)
 .ARM.attributes
                0x00000558       0x32 /Applications/ArmGNUToolchain/13.2.Rel1/arm-none-eabi/bin/../lib/gcc/arm-none-eabi/13.2.1/../../../../arm-none-eabi/lib/thumb/v7e-m+fp/softfp/libg_nano.a(libc_a-memset.o)
 .ARM.attributes
                0x0000058a       0x32 /Applications/ArmGNUToolchain/13.2.Rel1/arm-none-eabi/bin/../lib/gcc/arm-none-eabi/13.2.1/../../../../arm-none-eabi/lib/thumb/v7e-m+fp/softfp/libg_nano.a(libc_a-impure.o)
 .ARM.attributes
                0x000005bc       0x32 /Applications/ArmGNUToolchain/13.2.Rel1/arm-none-eabi/bin/../lib/gcc/arm-none-eabi/13.2.1/../../../../arm-none-eabi/lib/thumb/v7e-m+fp/softfp/libg_nano.a(libc_a-errno.o)
 .ARM.attributes
                0x000005ee       0x32 /Applications/ArmGNUToolchain/13.2.Rel1/arm-none-eabi/bin/../lib/gcc/arm-none-eabi/13.2.1/../../../../arm-none-eabi/lib/thumb/v7e-m+fp/softfp/libg_nano.a(libc_a-memcpy-stub.o)
 .ARM.attributes
                0x00000620       0x17 /Applications/ArmGNUToolchain/13.2.Rel1/arm-none-eabi/bin/../lib/gcc/arm-none-eabi/13.2.1/../../../../arm-none-eabi/lib/thumb/v7e-m+fp/softfp/libg_nano.a(libc_a-strlen.o)
 .ARM.attributes
                0x00000637       0x32 /Applications/ArmGNUToolchain/13.2.Rel1/arm-none-eabi/bin/../lib/gcc/arm-none-eabi/13.2.1/../../../../arm-none-eabi/lib/thumb/v7e-m+fp/softfp/libg_nano.a(libc_a-nano-svfprintf.o)
 .ARM.attributes
                0x00000669       0x32 /Applications/ArmGNUToolchain/13.2.Rel1/arm-none-eabi/bin/../lib/gcc/arm-none-eabi/13.2.1/../../../../arm-none-eabi/lib/thumb/v7e-m+fp/softfp/libg_nano.a(libc_a-mallocr.o)
 .ARM.attributes
                0x0000069b       0x32 /Applications/ArmGNUToolchain/13.2.Rel1/arm-none-eabi/bin/../lib/gcc/arm-none-eabi/13.2.1/../../../../arm-none-eabi/lib/thumb/v7e-m+fp/softfp/libg_nano.a(libc_a-nano-vfprintf_i.o)
 .ARM.attributes
                0x000006cd       0x32 /Applications/ArmGNUToolchain/13.2.Rel1/arm-none-eabi/bin/../lib/gcc/arm-none-eabi/13.2.1/../../../../arm-none-eabi/lib/thumb/v7e-m+fp/softfp/libg_nano.a(libc_a-mlock.o)
 .ARM.attributes
                0x000006ff       0x32 /Applications/ArmGNUToolchain/13.2.Rel1/arm-none-eabi/bin/../lib/gcc/arm-none-eabi/13.2.1/../../../../arm-none-eabi/lib/thumb/v7e-m+fp/softfp/libg_nano.a(libc_a-reallocr.o)
 .ARM.attributes
                0x00000731       0x32 /Applications/ArmGNUToolchain/13.2.Rel1/arm-none-eabi/bin/../lib/gcc/arm-none-eabi/13.2.1/../../../../arm-none-eabi/lib/thumb/v7e-m+fp/softfp/libg_nano.a(libc_a-memmove.o)
 .ARM.attributes
                0x00000763       0x32 /Applications/ArmGNUToolchain/13.2.Rel1/arm-none-eabi/bin/../lib/gcc/arm-none-eabi/13.2.1/../../../../arm-none-eabi/lib/thumb/v7e-m+fp/softfp/libg_nano.a(libc_a-sbrkr.o)
 .ARM.attributes
                0x00000795       0x32 /Applications/ArmGNUToolchain/13.2.Rel1/arm-none-eabi/bin/../lib/gcc/arm-none-eabi/13.2.1/../../../../arm-none-eabi/lib/thumb/v7e-m+fp/softfp/libg_nano.a(libc_a-lock.o)
 .ARM.attributes
                0x000007c7       0x1c /Applications/ArmGNUToolchain/13.2.Rel1/arm-none-eabi/bin/../lib/gcc/arm-none-eabi/13.2.1/../../../../arm-none-eabi/lib/thumb/v7e-m+fp/softfp/libg_nano.a(libc_a-memchr.o)
 .ARM.attributes
                0x000007e3       0x32 /Applications/ArmGNUToolchain/13.2.Rel1/arm-none-eabi/bin/../lib/gcc/arm-none-eabi/13.2.1/../../../../arm-none-eabi/lib/thumb/v7e-m+fp/softfp/libg_nano.a(libc_a-freer.o)
 .ARM.attributes
                0x00000815       0x32 /Applications/ArmGNUToolchain/13.2.Rel1/arm-none-eabi/bin/../lib/gcc/arm-none-eabi/13.2.1/../../../../arm-none-eabi/lib/thumb/v7e-m+fp/softfp/libg_nano.a(libc_a-msizer.o)

.debug
 *(.debug)

.line
 *(.line)

.debug_srcinfo
 *(.debug_srcinfo)

.debug_sfnames
 *(.debug_sfnames)

.debug_aranges  0x00000000      0xbb8
 *(.debug_aranges)
 .debug_aranges
                0x00000000       0xf0 ./system/src/stm32f4-hal/stm32f4xx_hal.o
 .debug_aranges
                0x000000f0       0xd8 ./system/src/stm32f4-hal/stm32f4xx_hal_cortex.o
 .debug_aranges
                0x000001c8       0x58 ./system/src/stm32f4-hal/stm32f4xx_hal_gpio.o
 .debug_aranges
                0x00000220       0x88 ./system/src/stm32f4-hal/stm32f4xx_hal_rcc.o
 .debug_aranges
                0x000002a8      0x1d0 ./system/src/stm32f4-hal/stm32f4xx_hal_uart.o
 .debug_aranges
                0x00000478       0x28 ./system/src/newlib/exit.o
 .debug_aranges
                0x000004a0       0x20 ./system/src/newlib/sbrk.o
 .debug_aranges
                0x000004c0       0x40 ./system/src/newlib/startup.o
 .debug_aranges
                0x00000500       0x30 ./system/src/newlib/syscalls.o
 .debug_aranges
                0x00000530       0x30 ./system/src/diag/trace-impl.o
 .debug_aranges
                0x00000560       0x38 ./system/src/diag/trace.o
 .debug_aranges
                0x00000598       0x90 ./system/src/cortexm/exception-handlers.o
 .debug_aranges
                0x00000628       0x28 ./system/src/cortexm/initialize-hardware.o
 .debug_aranges
                0x00000650       0x28 ./system/src/cmsis/system_stm32f4xx.o
 .debug_aranges
                0x00000678       0x20 ./system/src/cmsis/vectors_stm32f407xx.o
 .debug_aranges
                0x00000698       0x30 ./src/initialize-hardware.o
 .debug_aranges
                0x000006c8       0x50 ./src/main.o
 .debug_aranges
                0x00000718       0x38 ./src/stm32f4xx_hal_msp.o
 .debug_aranges
                0x00000750       0x40 ./src/task_handler.o
 .debug_aranges
                0x00000790       0x58 ./FreeRTOS/portable/MemMang/heap_4.o
 .debug_aranges
                0x000007e8       0x80 ./FreeRTOS/portable/GCC/ARM_CM4F/port.o
 .debug_aranges
                0x00000868       0x40 ./FreeRTOS/list.o
 .debug_aranges
                0x000008a8      0x128 ./FreeRTOS/queue.o
 .debug_aranges
                0x000009d0      0x1e8 ./FreeRTOS/tasks.o

.debug_pubnames
 *(.debug_pubnames)

.debug_info     0x00000000     0xf6d7
 *(.debug_info .gnu.linkonce.wi.*)
 .debug_info    0x00000000      0xa2a ./system/src/stm32f4-hal/stm32f4xx_hal.o
 .debug_info    0x00000a2a     0x11f0 ./system/src/stm32f4-hal/stm32f4xx_hal_cortex.o
 .debug_info    0x00001c1a      0x875 ./system/src/stm32f4-hal/stm32f4xx_hal_gpio.o
 .debug_info    0x0000248f      0xcee ./system/src/stm32f4-hal/stm32f4xx_hal_rcc.o
 .debug_info    0x0000317d     0x1b2e ./system/src/stm32f4-hal/stm32f4xx_hal_uart.o
 .debug_info    0x00004cab      0x104 ./system/src/newlib/exit.o
 .debug_info    0x00004daf      0x10f ./system/src/newlib/sbrk.o
 .debug_info    0x00004ebe      0x54f ./system/src/newlib/startup.o
 .debug_info    0x0000540d      0x1c3 ./system/src/newlib/syscalls.o
 .debug_info    0x000055d0      0x325 ./system/src/diag/trace-impl.o
 .debug_info    0x000058f5      0x34b ./system/src/diag/trace.o
 .debug_info    0x00005c40      0x91e ./system/src/cortexm/exception-handlers.o
 .debug_info    0x0000655e      0x278 ./system/src/cortexm/initialize-hardware.o
 .debug_info    0x000067d6      0x511 ./system/src/cmsis/system_stm32f4xx.o
 .debug_info    0x00006ce7      0x10b ./system/src/cmsis/vectors_stm32f407xx.o
 .debug_info    0x00006df2      0x59c ./src/initialize-hardware.o
 .debug_info    0x0000738e     0x16f2 ./src/main.o
 .debug_info    0x00008a80       0xb8 ./src/stm32f4xx_hal_msp.o
 .debug_info    0x00008b38      0xd03 ./src/task_handler.o
 .debug_info    0x0000983b      0x581 ./FreeRTOS/portable/MemMang/heap_4.o
 .debug_info    0x00009dbc      0x546 ./FreeRTOS/portable/GCC/ARM_CM4F/port.o
 .debug_info    0x0000a302      0x2b7 ./FreeRTOS/list.o
 .debug_info    0x0000a5b9     0x21c7 ./FreeRTOS/queue.o
 .debug_info    0x0000c780     0x2f57 ./FreeRTOS/tasks.o

.debug_abbrev   0x00000000     0x3154
 *(.debug_abbrev)
 .debug_abbrev  0x00000000      0x248 ./system/src/stm32f4-hal/stm32f4xx_hal.o
 .debug_abbrev  0x00000248      0x400 ./system/src/stm32f4-hal/stm32f4xx_hal_cortex.o
 .debug_abbrev  0x00000648      0x23f ./system/src/stm32f4-hal/stm32f4xx_hal_gpio.o
 .debug_abbrev  0x00000887      0x2dd ./system/src/stm32f4-hal/stm32f4xx_hal_rcc.o
 .debug_abbrev  0x00000b64      0x2b8 ./system/src/stm32f4-hal/stm32f4xx_hal_uart.o
 .debug_abbrev  0x00000e1c       0xc5 ./system/src/newlib/exit.o
 .debug_abbrev  0x00000ee1       0xcc ./system/src/newlib/sbrk.o
 .debug_abbrev  0x00000fad      0x25a ./system/src/newlib/startup.o
 .debug_abbrev  0x00001207      0x118 ./system/src/newlib/syscalls.o
 .debug_abbrev  0x0000131f      0x1e6 ./system/src/diag/trace-impl.o
 .debug_abbrev  0x00001505      0x184 ./system/src/diag/trace.o
 .debug_abbrev  0x00001689      0x28c ./system/src/cortexm/exception-handlers.o
 .debug_abbrev  0x00001915      0x105 ./system/src/cortexm/initialize-hardware.o
 .debug_abbrev  0x00001a1a      0x121 ./system/src/cmsis/system_stm32f4xx.o
 .debug_abbrev  0x00001b3b       0xb8 ./system/src/cmsis/vectors_stm32f407xx.o
 .debug_abbrev  0x00001bf3      0x216 ./src/initialize-hardware.o
 .debug_abbrev  0x00001e09      0x36b ./src/main.o
 .debug_abbrev  0x00002174       0x47 ./src/stm32f4xx_hal_msp.o
 .debug_abbrev  0x000021bb      0x292 ./src/task_handler.o
 .debug_abbrev  0x0000244d      0x265 ./FreeRTOS/portable/MemMang/heap_4.o
 .debug_abbrev  0x000026b2      0x295 ./FreeRTOS/portable/GCC/ARM_CM4F/port.o
 .debug_abbrev  0x00002947      0x10c ./FreeRTOS/list.o
 .debug_abbrev  0x00002a53      0x35a ./FreeRTOS/queue.o
 .debug_abbrev  0x00002dad      0x3a7 ./FreeRTOS/tasks.o

.debug_line     0x00000000    0x128d0
 *(.debug_line)
 .debug_line    0x00000000      0xbbf ./system/src/stm32f4-hal/stm32f4xx_hal.o
 .debug_line    0x00000bbf      0xf99 ./system/src/stm32f4-hal/stm32f4xx_hal_cortex.o
 .debug_line    0x00001b58      0xe81 ./system/src/stm32f4-hal/stm32f4xx_hal_gpio.o
 .debug_line    0x000029d9     0x12d8 ./system/src/stm32f4-hal/stm32f4xx_hal_rcc.o
 .debug_line    0x00003cb1     0x2199 ./system/src/stm32f4-hal/stm32f4xx_hal_uart.o
 .debug_line    0x00005e4a      0x35a ./system/src/newlib/exit.o
 .debug_line    0x000061a4      0x357 ./system/src/newlib/sbrk.o
 .debug_line    0x000064fb      0x5c1 ./system/src/newlib/startup.o
 .debug_line    0x00006abc      0x426 ./system/src/newlib/syscalls.o
 .debug_line    0x00006ee2      0xb95 ./system/src/diag/trace-impl.o
 .debug_line    0x00007a77      0x43e ./system/src/diag/trace.o
 .debug_line    0x00007eb5      0xd8d ./system/src/cortexm/exception-handlers.o
 .debug_line    0x00008c42      0x88c ./system/src/cortexm/initialize-hardware.o
 .debug_line    0x000094ce      0x91d ./system/src/cmsis/system_stm32f4xx.o
 .debug_line    0x00009deb      0x10d ./system/src/cmsis/vectors_stm32f407xx.o
 .debug_line    0x00009ef8      0xb5a ./src/initialize-hardware.o
 .debug_line    0x0000aa52      0xeff ./src/main.o
 .debug_line    0x0000b951      0x871 ./src/stm32f4xx_hal_msp.o
 .debug_line    0x0000c1c2      0xd96 ./src/task_handler.o
 .debug_line    0x0000cf58      0x897 ./FreeRTOS/portable/MemMang/heap_4.o
 .debug_line    0x0000d7ef      0x672 ./FreeRTOS/portable/GCC/ARM_CM4F/port.o
 .debug_line    0x0000de61      0x552 ./FreeRTOS/list.o
 .debug_line    0x0000e3b3     0x1b96 ./FreeRTOS/queue.o
 .debug_line    0x0000ff49     0x2987 ./FreeRTOS/tasks.o

.debug_frame    0x00000000     0x21dc
 *(.debug_frame)
 .debug_frame   0x00000000      0x1f0 ./system/src/stm32f4-hal/stm32f4xx_hal.o
 .debug_frame   0x000001f0      0x214 ./system/src/stm32f4-hal/stm32f4xx_hal_cortex.o
 .debug_frame   0x00000404       0xfc ./system/src/stm32f4-hal/stm32f4xx_hal_gpio.o
 .debug_frame   0x00000500      0x16c ./system/src/stm32f4-hal/stm32f4xx_hal_rcc.o
 .debug_frame   0x0000066c      0x508 ./system/src/stm32f4-hal/stm32f4xx_hal_uart.o
 .debug_frame   0x00000b74       0x38 ./system/src/newlib/exit.o
 .debug_frame   0x00000bac       0x28 ./system/src/newlib/sbrk.o
 .debug_frame   0x00000bd4       0x7c ./system/src/newlib/startup.o
 .debug_frame   0x00000c50       0x50 ./system/src/newlib/syscalls.o
 .debug_frame   0x00000ca0       0x64 ./system/src/diag/trace-impl.o
 .debug_frame   0x00000d04       0x94 ./system/src/diag/trace.o
 .debug_frame   0x00000d98      0x158 ./system/src/cortexm/exception-handlers.o
 .debug_frame   0x00000ef0       0x40 ./system/src/cortexm/initialize-hardware.o
 .debug_frame   0x00000f30       0x30 ./system/src/cmsis/system_stm32f4xx.o
 .debug_frame   0x00000f60       0x20 ./system/src/cmsis/vectors_stm32f407xx.o
 .debug_frame   0x00000f80       0x60 ./src/initialize-hardware.o
 .debug_frame   0x00000fe0       0xd4 ./src/main.o
 .debug_frame   0x000010b4       0x50 ./src/stm32f4xx_hal_msp.o
 .debug_frame   0x00001104       0x94 ./src/task_handler.o
 .debug_frame   0x00001198       0xd0 ./FreeRTOS/portable/MemMang/heap_4.o
 .debug_frame   0x00001268      0x110 ./FreeRTOS/portable/GCC/ARM_CM4F/port.o
 .debug_frame   0x00001378       0x70 ./FreeRTOS/list.o
 .debug_frame   0x000013e8      0x3c0 ./FreeRTOS/queue.o
 .debug_frame   0x000017a8      0x618 ./FreeRTOS/tasks.o
 .debug_frame   0x00001dc0       0x2c /Applications/ArmGNUToolchain/13.2.Rel1/arm-none-eabi/bin/../lib/gcc/arm-none-eabi/13.2.1/thumb/v7e-m+fp/softfp/libgcc.a(_aeabi_uldivmod.o)
 .debug_frame   0x00001dec       0x34 /Applications/ArmGNUToolchain/13.2.Rel1/arm-none-eabi/bin/../lib/gcc/arm-none-eabi/13.2.1/thumb/v7e-m+fp/softfp/libgcc.a(_udivmoddi4.o)
 .debug_frame   0x00001e20       0x4c /Applications/ArmGNUToolchain/13.2.Rel1/arm-none-eabi/bin/../lib/gcc/arm-none-eabi/13.2.1/../../../../arm-none-eabi/lib/thumb/v7e-m+fp/softfp/libg_nano.a(libc_a-vsnprintf.o)
 .debug_frame   0x00001e6c       0x20 /Applications/ArmGNUToolchain/13.2.Rel1/arm-none-eabi/bin/../lib/gcc/arm-none-eabi/13.2.1/../../../../arm-none-eabi/lib/thumb/v7e-m+fp/softfp/libg_nano.a(libc_a-memset.o)
 .debug_frame   0x00001e8c       0x20 /Applications/ArmGNUToolchain/13.2.Rel1/arm-none-eabi/bin/../lib/gcc/arm-none-eabi/13.2.1/../../../../arm-none-eabi/lib/thumb/v7e-m+fp/softfp/libg_nano.a(libc_a-errno.o)
 .debug_frame   0x00001eac       0x28 /Applications/ArmGNUToolchain/13.2.Rel1/arm-none-eabi/bin/../lib/gcc/arm-none-eabi/13.2.1/../../../../arm-none-eabi/lib/thumb/v7e-m+fp/softfp/libg_nano.a(libc_a-memcpy-stub.o)
 .debug_frame   0x00001ed4       0x90 /Applications/ArmGNUToolchain/13.2.Rel1/arm-none-eabi/bin/../lib/gcc/arm-none-eabi/13.2.1/../../../../arm-none-eabi/lib/thumb/v7e-m+fp/softfp/libg_nano.a(libc_a-nano-svfprintf.o)
 .debug_frame   0x00001f64       0x50 /Applications/ArmGNUToolchain/13.2.Rel1/arm-none-eabi/bin/../lib/gcc/arm-none-eabi/13.2.1/../../../../arm-none-eabi/lib/thumb/v7e-m+fp/softfp/libg_nano.a(libc_a-mallocr.o)
 .debug_frame   0x00001fb4       0x60 /Applications/ArmGNUToolchain/13.2.Rel1/arm-none-eabi/bin/../lib/gcc/arm-none-eabi/13.2.1/../../../../arm-none-eabi/lib/thumb/v7e-m+fp/softfp/libg_nano.a(libc_a-nano-vfprintf_i.o)
 .debug_frame   0x00002014       0x30 /Applications/ArmGNUToolchain/13.2.Rel1/arm-none-eabi/bin/../lib/gcc/arm-none-eabi/13.2.1/../../../../arm-none-eabi/lib/thumb/v7e-m+fp/softfp/libg_nano.a(libc_a-mlock.o)
 .debug_frame   0x00002044       0x3c /Applications/ArmGNUToolchain/13.2.Rel1/arm-none-eabi/bin/../lib/gcc/arm-none-eabi/13.2.1/../../../../arm-none-eabi/lib/thumb/v7e-m+fp/softfp/libg_nano.a(libc_a-reallocr.o)
 .debug_frame   0x00002080       0x28 /Applications/ArmGNUToolchain/13.2.Rel1/arm-none-eabi/bin/../lib/gcc/arm-none-eabi/13.2.1/../../../../arm-none-eabi/lib/thumb/v7e-m+fp/softfp/libg_nano.a(libc_a-memmove.o)
 .debug_frame   0x000020a8       0x2c /Applications/ArmGNUToolchain/13.2.Rel1/arm-none-eabi/bin/../lib/gcc/arm-none-eabi/13.2.1/../../../../arm-none-eabi/lib/thumb/v7e-m+fp/softfp/libg_nano.a(libc_a-sbrkr.o)
 .debug_frame   0x000020d4       0xb0 /Applications/ArmGNUToolchain/13.2.Rel1/arm-none-eabi/bin/../lib/gcc/arm-none-eabi/13.2.1/../../../../arm-none-eabi/lib/thumb/v7e-m+fp/softfp/libg_nano.a(libc_a-lock.o)
 .debug_frame   0x00002184       0x38 /Applications/ArmGNUToolchain/13.2.Rel1/arm-none-eabi/bin/../lib/gcc/arm-none-eabi/13.2.1/../../../../arm-none-eabi/lib/thumb/v7e-m+fp/softfp/libg_nano.a(libc_a-freer.o)
 .debug_frame   0x000021bc       0x20 /Applications/ArmGNUToolchain/13.2.Rel1/arm-none-eabi/bin/../lib/gcc/arm-none-eabi/13.2.1/../../../../arm-none-eabi/lib/thumb/v7e-m+fp/softfp/libg_nano.a(libc_a-msizer.o)

.debug_str      0x00000000   0x1000f1
 *(.debug_str)
 .debug_str     0x00000000   0x1000f1 ./system/src/stm32f4-hal/stm32f4xx_hal.o
                              0xeeca4 (size before relaxing)
 .debug_str     0x001000f1    0xee9c4 ./system/src/stm32f4-hal/stm32f4xx_hal_cortex.o
 .debug_str     0x001000f1    0xee32b ./system/src/stm32f4-hal/stm32f4xx_hal_gpio.o
 .debug_str     0x001000f1    0xee53d ./system/src/stm32f4-hal/stm32f4xx_hal_rcc.o
 .debug_str     0x001000f1    0xee9b5 ./system/src/stm32f4-hal/stm32f4xx_hal_uart.o
 .debug_str     0x001000f1     0x7ccd ./system/src/newlib/exit.o
 .debug_str     0x001000f1     0x70b0 ./system/src/newlib/sbrk.o
 .debug_str     0x001000f1     0x67c2 ./system/src/newlib/startup.o
 .debug_str     0x001000f1     0x903f ./system/src/newlib/syscalls.o
 .debug_str     0x001000f1    0xf1a86 ./system/src/diag/trace-impl.o
 .debug_str     0x001000f1     0x8441 ./system/src/diag/trace.o
 .debug_str     0x001000f1    0xf2d5c ./system/src/cortexm/exception-handlers.o
 .debug_str     0x001000f1    0xee039 ./system/src/cortexm/initialize-hardware.o
 .debug_str     0x001000f1    0xee127 ./system/src/cmsis/system_stm32f4xx.o
 .debug_str     0x001000f1     0x3a9c ./system/src/cmsis/vectors_stm32f407xx.o
 .debug_str     0x001000f1    0xf1a43 ./src/initialize-hardware.o
 .debug_str     0x001000f1    0xf48a9 ./src/main.o
 .debug_str     0x001000f1    0xedf79 ./src/stm32f4xx_hal_msp.o
 .debug_str     0x001000f1    0xf7219 ./src/task_handler.o
 .debug_str     0x001000f1     0xbf8a ./FreeRTOS/portable/MemMang/heap_4.o
 .debug_str     0x001000f1     0x94f3 ./FreeRTOS/portable/GCC/ARM_CM4F/port.o
 .debug_str     0x001000f1     0xaacb ./FreeRTOS/list.o
 .debug_str     0x001000f1     0xce9a ./FreeRTOS/queue.o
 .debug_str     0x001000f1     0xdb00 ./FreeRTOS/tasks.o

.debug_loc
 *(.debug_loc)

.debug_macinfo
 *(.debug_macinfo)

.debug_weaknames
 *(.debug_weaknames)

.debug_funcnames
 *(.debug_funcnames)

.debug_typenames
 *(.debug_typenames)

.debug_varnames
 *(.debug_varnames)
OUTPUT(FreeRTOS.elf elf32-littlearm)
LOAD linker stubs

.debug_loclists
                0x00000000     0x575c
 .debug_loclists
                0x00000000       0xc4 ./system/src/stm32f4-hal/stm32f4xx_hal.o
 .debug_loclists
                0x000000c4      0x643 ./system/src/stm32f4-hal/stm32f4xx_hal_cortex.o
 .debug_loclists
                0x00000707      0x47a ./system/src/stm32f4-hal/stm32f4xx_hal_gpio.o
 .debug_loclists
                0x00000b81      0x3e6 ./system/src/stm32f4-hal/stm32f4xx_hal_rcc.o
 .debug_loclists
                0x00000f67     0x101f ./system/src/stm32f4-hal/stm32f4xx_hal_uart.o
 .debug_loclists
                0x00001f86       0x17 ./system/src/newlib/exit.o
 .debug_loclists
                0x00001f9d       0x75 ./system/src/newlib/sbrk.o
 .debug_loclists
                0x00002012      0x2c3 ./system/src/newlib/startup.o
 .debug_loclists
                0x000022d5       0x63 ./system/src/newlib/syscalls.o
 .debug_loclists
                0x00002338      0x101 ./system/src/diag/trace-impl.o
 .debug_loclists
                0x00002439       0xc4 ./system/src/diag/trace.o
 .debug_loclists
                0x000024fd      0x227 ./system/src/cortexm/exception-handlers.o
 .debug_loclists
                0x00002724       0xfa ./system/src/cmsis/system_stm32f4xx.o
 .debug_loclists
                0x0000281e       0x54 ./src/initialize-hardware.o
 .debug_loclists
                0x00002872       0x84 ./src/main.o
 .debug_loclists
                0x000028f6      0x14e ./src/task_handler.o
 .debug_loclists
                0x00002a44      0x2a9 ./FreeRTOS/portable/MemMang/heap_4.o
 .debug_loclists
                0x00002ced       0xc1 ./FreeRTOS/portable/GCC/ARM_CM4F/port.o
 .debug_loclists
                0x00002dae       0x75 ./FreeRTOS/list.o
 .debug_loclists
                0x00002e23      0xeb2 ./FreeRTOS/queue.o
 .debug_loclists
                0x00003cd5     0x1a87 ./FreeRTOS/tasks.o

.debug_rnglists
                0x00000000      0xab2
 .debug_rnglists
                0x00000000       0xaf ./system/src/stm32f4-hal/stm32f4xx_hal.o
 .debug_rnglists
                0x000000af       0xda ./system/src/stm32f4-hal/stm32f4xx_hal_cortex.o
 .debug_rnglists
                0x00000189       0x3f ./system/src/stm32f4-hal/stm32f4xx_hal_gpio.o
 .debug_rnglists
                0x000001c8       0x75 ./system/src/stm32f4-hal/stm32f4xx_hal_rcc.o
 .debug_rnglists
                0x0000023d      0x164 ./system/src/stm32f4-hal/stm32f4xx_hal_uart.o
 .debug_rnglists
                0x000003a1       0x19 ./system/src/newlib/exit.o
 .debug_rnglists
                0x000003ba       0x13 ./system/src/newlib/sbrk.o
 .debug_rnglists
                0x000003cd       0x50 ./system/src/newlib/startup.o
 .debug_rnglists
                0x0000041d       0x1f ./system/src/newlib/syscalls.o
 .debug_rnglists
                0x0000043c       0x2b ./system/src/diag/trace-impl.o
 .debug_rnglists
                0x00000467       0x25 ./system/src/diag/trace.o
 .debug_rnglists
                0x0000048c       0x74 ./system/src/cortexm/exception-handlers.o
 .debug_rnglists
                0x00000500       0x19 ./system/src/cortexm/initialize-hardware.o
 .debug_rnglists
                0x00000519       0x1a ./system/src/cmsis/system_stm32f4xx.o
 .debug_rnglists
                0x00000533       0x13 ./system/src/cmsis/vectors_stm32f407xx.o
 .debug_rnglists
                0x00000546       0x20 ./src/initialize-hardware.o
 .debug_rnglists
                0x00000566       0x3b ./src/main.o
 .debug_rnglists
                0x000005a1       0x25 ./src/stm32f4xx_hal_msp.o
 .debug_rnglists
                0x000005c6       0x2d ./src/task_handler.o
 .debug_rnglists
                0x000005f3       0x3f ./FreeRTOS/portable/MemMang/heap_4.o
 .debug_rnglists
                0x00000632       0x69 ./FreeRTOS/portable/GCC/ARM_CM4F/port.o
 .debug_rnglists
                0x0000069b       0x2b ./FreeRTOS/list.o
 .debug_rnglists
                0x000006c6      0x13f ./FreeRTOS/queue.o
 .debug_rnglists
                0x00000805      0x2ad ./FreeRTOS/tasks.o

.debug_macro    0x00000000    0x2a41d
 .debug_macro   0x00000000      0x40d ./system/src/stm32f4-hal/stm32f4xx_hal.o
 .debug_macro   0x0000040d      0xaea ./system/src/stm32f4-hal/stm32f4xx_hal.o
 .debug_macro   0x00000ef7      0x3a2 ./system/src/stm32f4-hal/stm32f4xx_hal.o
 .debug_macro   0x00001299       0x2e ./system/src/stm32f4-hal/stm32f4xx_hal.o
 .debug_macro   0x000012c7       0x2f ./system/src/stm32f4-hal/stm32f4xx_hal.o
 .debug_macro   0x000012f6      0x34e ./system/src/stm32f4-hal/stm32f4xx_hal.o
 .debug_macro   0x00001644       0x1c ./system/src/stm32f4-hal/stm32f4xx_hal.o
 .debug_macro   0x00001660       0x22 ./system/src/stm32f4-hal/stm32f4xx_hal.o
 .debug_macro   0x00001682       0xd9 ./system/src/stm32f4-hal/stm32f4xx_hal.o
 .debug_macro   0x0000175b     0x102d ./system/src/stm32f4-hal/stm32f4xx_hal.o
 .debug_macro   0x00002788      0x11f ./system/src/stm32f4-hal/stm32f4xx_hal.o
 .debug_macro   0x000028a7    0x15e3c ./system/src/stm32f4-hal/stm32f4xx_hal.o
 .debug_macro   0x000186e3       0x43 ./system/src/stm32f4-hal/stm32f4xx_hal.o
 .debug_macro   0x00018726     0x3659 ./system/src/stm32f4-hal/stm32f4xx_hal.o
 .debug_macro   0x0001bd7f      0x190 ./system/src/stm32f4-hal/stm32f4xx_hal.o
 .debug_macro   0x0001bf0f       0x5a ./system/src/stm32f4-hal/stm32f4xx_hal.o
 .debug_macro   0x0001bf69      0x96b ./system/src/stm32f4-hal/stm32f4xx_hal.o
 .debug_macro   0x0001c8d4      0x9fe ./system/src/stm32f4-hal/stm32f4xx_hal.o
 .debug_macro   0x0001d2d2      0x117 ./system/src/stm32f4-hal/stm32f4xx_hal.o
 .debug_macro   0x0001d3e9      0x13e ./system/src/stm32f4-hal/stm32f4xx_hal.o
 .debug_macro   0x0001d527       0x27 ./system/src/stm32f4-hal/stm32f4xx_hal.o
 .debug_macro   0x0001d54e      0x174 ./system/src/stm32f4-hal/stm32f4xx_hal.o
 .debug_macro   0x0001d6c2      0x287 ./system/src/stm32f4-hal/stm32f4xx_hal.o
 .debug_macro   0x0001d949       0x5f ./system/src/stm32f4-hal/stm32f4xx_hal.o
 .debug_macro   0x0001d9a8      0x236 ./system/src/stm32f4-hal/stm32f4xx_hal.o
 .debug_macro   0x0001dbde      0x391 ./system/src/stm32f4-hal/stm32f4xx_hal.o
 .debug_macro   0x0001df6f      0x176 ./system/src/stm32f4-hal/stm32f4xx_hal.o
 .debug_macro   0x0001e0e5       0xf9 ./system/src/stm32f4-hal/stm32f4xx_hal.o
 .debug_macro   0x0001e1de      0x40f ./system/src/stm32f4-hal/stm32f4xx_hal.o
 .debug_macro   0x0001e5ed       0x22 ./system/src/stm32f4-hal/stm32f4xx_hal.o
 .debug_macro   0x0001e60f       0xea ./system/src/stm32f4-hal/stm32f4xx_hal.o
 .debug_macro   0x0001e6f9       0xa0 ./system/src/stm32f4-hal/stm32f4xx_hal.o
 .debug_macro   0x0001e799       0x3c ./system/src/stm32f4-hal/stm32f4xx_hal.o
 .debug_macro   0x0001e7d5       0x1f ./system/src/stm32f4-hal/stm32f4xx_hal.o
 .debug_macro   0x0001e7f4      0x1d2 ./system/src/stm32f4-hal/stm32f4xx_hal.o
 .debug_macro   0x0001e9c6      0xccf ./system/src/stm32f4-hal/stm32f4xx_hal.o
 .debug_macro   0x0001f695      0x12c ./system/src/stm32f4-hal/stm32f4xx_hal.o
 .debug_macro   0x0001f7c1      0x21e ./system/src/stm32f4-hal/stm32f4xx_hal.o
 .debug_macro   0x0001f9df       0x2e ./system/src/stm32f4-hal/stm32f4xx_hal.o
 .debug_macro   0x0001fa0d      0x543 ./system/src/stm32f4-hal/stm32f4xx_hal.o
 .debug_macro   0x0001ff50       0x88 ./system/src/stm32f4-hal/stm32f4xx_hal.o
 .debug_macro   0x0001ffd8       0xea ./system/src/stm32f4-hal/stm32f4xx_hal.o
 .debug_macro   0x000200c2      0x184 ./system/src/stm32f4-hal/stm32f4xx_hal.o
 .debug_macro   0x00020246      0x1b5 ./system/src/stm32f4-hal/stm32f4xx_hal.o
 .debug_macro   0x000203fb       0xd6 ./system/src/stm32f4-hal/stm32f4xx_hal.o
 .debug_macro   0x000204d1      0x26b ./system/src/stm32f4-hal/stm32f4xx_hal.o
 .debug_macro   0x0002073c      0x1a7 ./system/src/stm32f4-hal/stm32f4xx_hal.o
 .debug_macro   0x000208e3       0x46 ./system/src/stm32f4-hal/stm32f4xx_hal.o
 .debug_macro   0x00020929       0x4a ./system/src/stm32f4-hal/stm32f4xx_hal.o
 .debug_macro   0x00020973       0x78 ./system/src/stm32f4-hal/stm32f4xx_hal.o
 .debug_macro   0x000209eb      0x11a ./system/src/stm32f4-hal/stm32f4xx_hal.o
 .debug_macro   0x00020b05       0x7e ./system/src/stm32f4-hal/stm32f4xx_hal.o
 .debug_macro   0x00020b83       0x89 ./system/src/stm32f4-hal/stm32f4xx_hal.o
 .debug_macro   0x00020c0c       0xa4 ./system/src/stm32f4-hal/stm32f4xx_hal.o
 .debug_macro   0x00020cb0      0x31a ./system/src/stm32f4-hal/stm32f4xx_hal.o
 .debug_macro   0x00020fca      0x405 ./system/src/stm32f4-hal/stm32f4xx_hal.o
 .debug_macro   0x000213cf       0xe4 ./system/src/stm32f4-hal/stm32f4xx_hal.o
 .debug_macro   0x000214b3      0x861 ./system/src/stm32f4-hal/stm32f4xx_hal.o
 .debug_macro   0x00021d14      0x1d5 ./system/src/stm32f4-hal/stm32f4xx_hal.o
 .debug_macro   0x00021ee9      0x225 ./system/src/stm32f4-hal/stm32f4xx_hal.o
 .debug_macro   0x0002210e      0x8a0 ./system/src/stm32f4-hal/stm32f4xx_hal.o
 .debug_macro   0x000229ae       0x47 ./system/src/stm32f4-hal/stm32f4xx_hal.o
 .debug_macro   0x000229f5      0x287 ./system/src/stm32f4-hal/stm32f4xx_hal.o
 .debug_macro   0x00022c7c      0x217 ./system/src/stm32f4-hal/stm32f4xx_hal.o
 .debug_macro   0x00022e93      0x1b5 ./system/src/stm32f4-hal/stm32f4xx_hal.o
 .debug_macro   0x00023048      0x2db ./system/src/stm32f4-hal/stm32f4xx_hal.o
 .debug_macro   0x00023323       0x8d ./system/src/stm32f4-hal/stm32f4xx_hal.o
 .debug_macro   0x000233b0      0x21e ./system/src/stm32f4-hal/stm32f4xx_hal.o
 .debug_macro   0x000235ce       0xba ./system/src/stm32f4-hal/stm32f4xx_hal.o
 .debug_macro   0x00023688       0x6e ./system/src/stm32f4-hal/stm32f4xx_hal.o
 .debug_macro   0x000236f6      0x1e9 ./system/src/stm32f4-hal/stm32f4xx_hal.o
 .debug_macro   0x000238df      0x12d ./system/src/stm32f4-hal/stm32f4xx_hal.o
 .debug_macro   0x00023a0c      0x3ad ./system/src/stm32f4-hal/stm32f4xx_hal_cortex.o
 .debug_macro   0x00023db9      0x3e3 ./system/src/stm32f4-hal/stm32f4xx_hal_gpio.o
 .debug_macro   0x0002419c      0x3d1 ./system/src/stm32f4-hal/stm32f4xx_hal_rcc.o
 .debug_macro   0x0002456d      0x3ae ./system/src/stm32f4-hal/stm32f4xx_hal_uart.o
 .debug_macro   0x0002491b      0x1ae ./system/src/newlib/exit.o
 .debug_macro   0x00024ac9      0x163 ./system/src/newlib/sbrk.o
 .debug_macro   0x00024c2c       0x10 ./system/src/newlib/sbrk.o
 .debug_macro   0x00024c3c      0x23c ./system/src/newlib/sbrk.o
 .debug_macro   0x00024e78      0x15f ./system/src/newlib/startup.o
 .debug_macro   0x00024fd7      0xaf0 ./system/src/newlib/startup.o
 .debug_macro   0x00025ac7      0x239 ./system/src/newlib/syscalls.o
 .debug_macro   0x00025d00       0x1c ./system/src/newlib/syscalls.o
 .debug_macro   0x00025d1c       0x10 ./system/src/newlib/syscalls.o
 .debug_macro   0x00025d2c       0x10 ./system/src/newlib/syscalls.o
 .debug_macro   0x00025d3c       0x10 ./system/src/newlib/syscalls.o
 .debug_macro   0x00025d4c       0x35 ./system/src/newlib/syscalls.o
 .debug_macro   0x00025d81      0x12c ./system/src/newlib/syscalls.o
 .debug_macro   0x00025ead       0xce ./system/src/newlib/syscalls.o
 .debug_macro   0x00025f7b       0x7c ./system/src/newlib/syscalls.o
 .debug_macro   0x00025ff7       0x17 ./system/src/newlib/syscalls.o
 .debug_macro   0x0002600e      0x118 ./system/src/newlib/syscalls.o
 .debug_macro   0x00026126      0x18a ./system/src/newlib/syscalls.o
 .debug_macro   0x000262b0       0x16 ./system/src/newlib/syscalls.o
 .debug_macro   0x000262c6      0x50d ./system/src/diag/trace-impl.o
 .debug_macro   0x000267d3       0x10 ./system/src/diag/trace-impl.o
 .debug_macro   0x000267e3       0x22 ./system/src/diag/trace-impl.o
 .debug_macro   0x00026805      0x1f4 ./system/src/diag/trace.o
 .debug_macro   0x000269f9       0x16 ./system/src/diag/trace.o
 .debug_macro   0x00026a0f       0x9e ./system/src/diag/trace.o
 .debug_macro   0x00026aad      0x112 ./system/src/diag/trace.o
 .debug_macro   0x00026bbf       0x10 ./system/src/diag/trace.o
 .debug_macro   0x00026bcf       0x16 ./system/src/diag/trace.o
 .debug_macro   0x00026be5       0x16 ./system/src/diag/trace.o
 .debug_macro   0x00026bfb      0x170 ./system/src/diag/trace.o
 .debug_macro   0x00026d6b       0x4c ./system/src/diag/trace.o
 .debug_macro   0x00026db7       0xc1 ./system/src/diag/trace.o
 .debug_macro   0x00026e78       0x16 ./system/src/diag/trace.o
 .debug_macro   0x00026e8e      0x56b ./system/src/cortexm/exception-handlers.o
 .debug_macro   0x000273f9       0x10 ./system/src/cortexm/exception-handlers.o
 .debug_macro   0x00027409      0x3b7 ./system/src/cortexm/initialize-hardware.o
 .debug_macro   0x000277c0      0x3b3 ./system/src/cmsis/system_stm32f4xx.o
 .debug_macro   0x00027b73       0x34 ./system/src/cmsis/vectors_stm32f407xx.o
 .debug_macro   0x00027ba7      0x4f2 ./src/initialize-hardware.o
 .debug_macro   0x00028099      0x43c ./src/main.o
 .debug_macro   0x000284d5      0x106 ./src/main.o
 .debug_macro   0x000285db      0x15a ./src/main.o
 .debug_macro   0x00028735       0xea ./src/main.o
 .debug_macro   0x0002881f       0x28 ./src/main.o
 .debug_macro   0x00028847       0x1f ./src/main.o
 .debug_macro   0x00028866       0x12 ./src/main.o
 .debug_macro   0x00028878      0x50b ./src/main.o
 .debug_macro   0x00028d83       0xc3 ./src/main.o
 .debug_macro   0x00028e46      0x120 ./src/main.o
 .debug_macro   0x00028f66       0x80 ./src/main.o
 .debug_macro   0x00028fe6      0x1ac ./src/main.o
 .debug_macro   0x00029192      0x3ad ./src/stm32f4xx_hal_msp.o
 .debug_macro   0x0002953f      0x521 ./src/task_handler.o
 .debug_macro   0x00029a60      0x18c ./FreeRTOS/portable/MemMang/heap_4.o
 .debug_macro   0x00029bec      0x106 ./FreeRTOS/portable/MemMang/heap_4.o
 .debug_macro   0x00029cf2      0x15c ./FreeRTOS/portable/GCC/ARM_CM4F/port.o
 .debug_macro   0x00029e4e      0x171 ./FreeRTOS/list.o
 .debug_macro   0x00029fbf      0x1f5 ./FreeRTOS/queue.o
 .debug_macro   0x0002a1b4      0x252 ./FreeRTOS/tasks.o
 .debug_macro   0x0002a406       0x17 ./FreeRTOS/tasks.o

.debug_line_str
                0x00000000      0x1df
 .debug_line_str
                0x00000000      0x1df /Applications/ArmGNUToolchain/13.2.Rel1/arm-none-eabi/bin/../lib/gcc/arm-none-eabi/13.2.1/thumb/v7e-m+fp/softfp/libgcc.a(_aeabi_uldivmod.o)
                                 0xd4 (size before relaxing)
 .debug_line_str
                0x000001df       0xd8 /Applications/ArmGNUToolchain/13.2.Rel1/arm-none-eabi/bin/../lib/gcc/arm-none-eabi/13.2.1/thumb/v7e-m+fp/softfp/libgcc.a(_dvmd_tls.o)
 .debug_line_str
                0x000001df       0xf6 /Applications/ArmGNUToolchain/13.2.Rel1/arm-none-eabi/bin/../lib/gcc/arm-none-eabi/13.2.1/../../../../arm-none-eabi/lib/thumb/v7e-m+fp/softfp/libg_nano.a(libc_a-strlen.o)
 .debug_line_str
                0x000001df       0xec /Applications/ArmGNUToolchain/13.2.Rel1/arm-none-eabi/bin/../lib/gcc/arm-none-eabi/13.2.1/../../../../arm-none-eabi/lib/thumb/v7e-m+fp/softfp/libg_nano.a(libc_a-memchr.o)
